**************************************************
Report         : passing_points

Reference      : Ref:/WORK/SYS_TOP
Implementation : Imp:/WORK/SYS_TOP
Version        : L-2016.03-SP1
Date           : Wed Oct  1 03:29:12 2025
**************************************************

385 Passing compare points:

  Ref  LAT        Ref:/WORK/SYS_TOP/CLK_GATE_U0/U0
  Impl LAT        Imp:/WORK/SYS_TOP/CLK_GATE_U0/U0

  Ref  DFF        Ref:/WORK/SYS_TOP/ALU_U0/ALU_OUT_reg[0]
  Impl DFF        Imp:/WORK/SYS_TOP/ALU_U0/ALU_OUT_reg[0]

  Ref  DFF        Ref:/WORK/SYS_TOP/ALU_U0/ALU_OUT_reg[10]
  Impl DFF        Imp:/WORK/SYS_TOP/ALU_U0/ALU_OUT_reg[10]

  Ref  DFF        Ref:/WORK/SYS_TOP/ALU_U0/ALU_OUT_reg[11]
  Impl DFF        Imp:/WORK/SYS_TOP/ALU_U0/ALU_OUT_reg[11]

  Ref  DFF        Ref:/WORK/SYS_TOP/ALU_U0/ALU_OUT_reg[12]
  Impl DFF        Imp:/WORK/SYS_TOP/ALU_U0/ALU_OUT_reg[12]

  Ref  DFF        Ref:/WORK/SYS_TOP/ALU_U0/ALU_OUT_reg[13]
  Impl DFF        Imp:/WORK/SYS_TOP/ALU_U0/ALU_OUT_reg[13]

  Ref  DFF        Ref:/WORK/SYS_TOP/ALU_U0/ALU_OUT_reg[14]
  Impl DFF        Imp:/WORK/SYS_TOP/ALU_U0/ALU_OUT_reg[14]

  Ref  DFF        Ref:/WORK/SYS_TOP/ALU_U0/ALU_OUT_reg[15]
  Impl DFF        Imp:/WORK/SYS_TOP/ALU_U0/ALU_OUT_reg[15]

  Ref  DFF        Ref:/WORK/SYS_TOP/ALU_U0/ALU_OUT_reg[1]
  Impl DFF        Imp:/WORK/SYS_TOP/ALU_U0/ALU_OUT_reg[1]

  Ref  DFF        Ref:/WORK/SYS_TOP/ALU_U0/ALU_OUT_reg[2]
  Impl DFF        Imp:/WORK/SYS_TOP/ALU_U0/ALU_OUT_reg[2]

  Ref  DFF        Ref:/WORK/SYS_TOP/ALU_U0/ALU_OUT_reg[3]
  Impl DFF        Imp:/WORK/SYS_TOP/ALU_U0/ALU_OUT_reg[3]

  Ref  DFF        Ref:/WORK/SYS_TOP/ALU_U0/ALU_OUT_reg[4]
  Impl DFF        Imp:/WORK/SYS_TOP/ALU_U0/ALU_OUT_reg[4]

  Ref  DFF        Ref:/WORK/SYS_TOP/ALU_U0/ALU_OUT_reg[5]
  Impl DFF        Imp:/WORK/SYS_TOP/ALU_U0/ALU_OUT_reg[5]

  Ref  DFF        Ref:/WORK/SYS_TOP/ALU_U0/ALU_OUT_reg[6]
  Impl DFF        Imp:/WORK/SYS_TOP/ALU_U0/ALU_OUT_reg[6]

  Ref  DFF        Ref:/WORK/SYS_TOP/ALU_U0/ALU_OUT_reg[7]
  Impl DFF        Imp:/WORK/SYS_TOP/ALU_U0/ALU_OUT_reg[7]

  Ref  DFF        Ref:/WORK/SYS_TOP/ALU_U0/ALU_OUT_reg[8]
  Impl DFF        Imp:/WORK/SYS_TOP/ALU_U0/ALU_OUT_reg[8]

  Ref  DFF        Ref:/WORK/SYS_TOP/ALU_U0/ALU_OUT_reg[9]
  Impl DFF        Imp:/WORK/SYS_TOP/ALU_U0/ALU_OUT_reg[9]

  Ref  DFF        Ref:/WORK/SYS_TOP/ALU_U0/OUT_VALID_reg
  Impl DFF        Imp:/WORK/SYS_TOP/ALU_U0/OUT_VALID_reg

  Ref  DFF        Ref:/WORK/SYS_TOP/ASYNC_FIFO_U0/r2w_DF_SYNC/reg_sync1_reg[0]
  Impl DFF        Imp:/WORK/SYS_TOP/ASYNC_FIFO_U0/r2w_DF_SYNC/reg_sync1_reg[0]

  Ref  DFF        Ref:/WORK/SYS_TOP/ASYNC_FIFO_U0/r2w_DF_SYNC/reg_sync1_reg[1]
  Impl DFF        Imp:/WORK/SYS_TOP/ASYNC_FIFO_U0/r2w_DF_SYNC/reg_sync1_reg[1]

  Ref  DFF        Ref:/WORK/SYS_TOP/ASYNC_FIFO_U0/r2w_DF_SYNC/reg_sync1_reg[2]
  Impl DFF        Imp:/WORK/SYS_TOP/ASYNC_FIFO_U0/r2w_DF_SYNC/reg_sync1_reg[2]

  Ref  DFF        Ref:/WORK/SYS_TOP/ASYNC_FIFO_U0/r2w_DF_SYNC/reg_sync1_reg[3]
  Impl DFF        Imp:/WORK/SYS_TOP/ASYNC_FIFO_U0/r2w_DF_SYNC/reg_sync1_reg[3]

  Ref  DFF        Ref:/WORK/SYS_TOP/ASYNC_FIFO_U0/r2w_DF_SYNC/reg_sync2_reg[0]
  Impl DFF        Imp:/WORK/SYS_TOP/ASYNC_FIFO_U0/r2w_DF_SYNC/reg_sync2_reg[0]

  Ref  DFF        Ref:/WORK/SYS_TOP/ASYNC_FIFO_U0/r2w_DF_SYNC/reg_sync2_reg[1]
  Impl DFF        Imp:/WORK/SYS_TOP/ASYNC_FIFO_U0/r2w_DF_SYNC/reg_sync2_reg[1]

  Ref  DFF        Ref:/WORK/SYS_TOP/ASYNC_FIFO_U0/r2w_DF_SYNC/reg_sync2_reg[2]
  Impl DFF        Imp:/WORK/SYS_TOP/ASYNC_FIFO_U0/r2w_DF_SYNC/reg_sync2_reg[2]

  Ref  DFF        Ref:/WORK/SYS_TOP/ASYNC_FIFO_U0/r2w_DF_SYNC/reg_sync2_reg[3]
  Impl DFF        Imp:/WORK/SYS_TOP/ASYNC_FIFO_U0/r2w_DF_SYNC/reg_sync2_reg[3]

  Ref  DFF        Ref:/WORK/SYS_TOP/ASYNC_FIFO_U0/u_FIFO_MEM/mem_reg[0][0]
  Impl DFF        Imp:/WORK/SYS_TOP/ASYNC_FIFO_U0/u_FIFO_MEM/mem_reg[0][0]

  Ref  DFF        Ref:/WORK/SYS_TOP/ASYNC_FIFO_U0/u_FIFO_MEM/mem_reg[0][1]
  Impl DFF        Imp:/WORK/SYS_TOP/ASYNC_FIFO_U0/u_FIFO_MEM/mem_reg[0][1]

  Ref  DFF        Ref:/WORK/SYS_TOP/ASYNC_FIFO_U0/u_FIFO_MEM/mem_reg[0][2]
  Impl DFF        Imp:/WORK/SYS_TOP/ASYNC_FIFO_U0/u_FIFO_MEM/mem_reg[0][2]

  Ref  DFF        Ref:/WORK/SYS_TOP/ASYNC_FIFO_U0/u_FIFO_MEM/mem_reg[0][3]
  Impl DFF        Imp:/WORK/SYS_TOP/ASYNC_FIFO_U0/u_FIFO_MEM/mem_reg[0][3]

  Ref  DFF        Ref:/WORK/SYS_TOP/ASYNC_FIFO_U0/u_FIFO_MEM/mem_reg[0][4]
  Impl DFF        Imp:/WORK/SYS_TOP/ASYNC_FIFO_U0/u_FIFO_MEM/mem_reg[0][4]

  Ref  DFF        Ref:/WORK/SYS_TOP/ASYNC_FIFO_U0/u_FIFO_MEM/mem_reg[0][5]
  Impl DFF        Imp:/WORK/SYS_TOP/ASYNC_FIFO_U0/u_FIFO_MEM/mem_reg[0][5]

  Ref  DFF        Ref:/WORK/SYS_TOP/ASYNC_FIFO_U0/u_FIFO_MEM/mem_reg[0][6]
  Impl DFF        Imp:/WORK/SYS_TOP/ASYNC_FIFO_U0/u_FIFO_MEM/mem_reg[0][6]

  Ref  DFF        Ref:/WORK/SYS_TOP/ASYNC_FIFO_U0/u_FIFO_MEM/mem_reg[0][7]
  Impl DFF        Imp:/WORK/SYS_TOP/ASYNC_FIFO_U0/u_FIFO_MEM/mem_reg[0][7]

  Ref  DFF        Ref:/WORK/SYS_TOP/ASYNC_FIFO_U0/u_FIFO_MEM/mem_reg[1][0]
  Impl DFF        Imp:/WORK/SYS_TOP/ASYNC_FIFO_U0/u_FIFO_MEM/mem_reg[1][0]

  Ref  DFF        Ref:/WORK/SYS_TOP/ASYNC_FIFO_U0/u_FIFO_MEM/mem_reg[1][1]
  Impl DFF        Imp:/WORK/SYS_TOP/ASYNC_FIFO_U0/u_FIFO_MEM/mem_reg[1][1]

  Ref  DFF        Ref:/WORK/SYS_TOP/ASYNC_FIFO_U0/u_FIFO_MEM/mem_reg[1][2]
  Impl DFF        Imp:/WORK/SYS_TOP/ASYNC_FIFO_U0/u_FIFO_MEM/mem_reg[1][2]

  Ref  DFF        Ref:/WORK/SYS_TOP/ASYNC_FIFO_U0/u_FIFO_MEM/mem_reg[1][3]
  Impl DFF        Imp:/WORK/SYS_TOP/ASYNC_FIFO_U0/u_FIFO_MEM/mem_reg[1][3]

  Ref  DFF        Ref:/WORK/SYS_TOP/ASYNC_FIFO_U0/u_FIFO_MEM/mem_reg[1][4]
  Impl DFF        Imp:/WORK/SYS_TOP/ASYNC_FIFO_U0/u_FIFO_MEM/mem_reg[1][4]

  Ref  DFF        Ref:/WORK/SYS_TOP/ASYNC_FIFO_U0/u_FIFO_MEM/mem_reg[1][5]
  Impl DFF        Imp:/WORK/SYS_TOP/ASYNC_FIFO_U0/u_FIFO_MEM/mem_reg[1][5]

  Ref  DFF        Ref:/WORK/SYS_TOP/ASYNC_FIFO_U0/u_FIFO_MEM/mem_reg[1][6]
  Impl DFF        Imp:/WORK/SYS_TOP/ASYNC_FIFO_U0/u_FIFO_MEM/mem_reg[1][6]

  Ref  DFF        Ref:/WORK/SYS_TOP/ASYNC_FIFO_U0/u_FIFO_MEM/mem_reg[1][7]
  Impl DFF        Imp:/WORK/SYS_TOP/ASYNC_FIFO_U0/u_FIFO_MEM/mem_reg[1][7]

  Ref  DFF        Ref:/WORK/SYS_TOP/ASYNC_FIFO_U0/u_FIFO_MEM/mem_reg[2][0]
  Impl DFF        Imp:/WORK/SYS_TOP/ASYNC_FIFO_U0/u_FIFO_MEM/mem_reg[2][0]

  Ref  DFF        Ref:/WORK/SYS_TOP/ASYNC_FIFO_U0/u_FIFO_MEM/mem_reg[2][1]
  Impl DFF        Imp:/WORK/SYS_TOP/ASYNC_FIFO_U0/u_FIFO_MEM/mem_reg[2][1]

  Ref  DFF        Ref:/WORK/SYS_TOP/ASYNC_FIFO_U0/u_FIFO_MEM/mem_reg[2][2]
  Impl DFF        Imp:/WORK/SYS_TOP/ASYNC_FIFO_U0/u_FIFO_MEM/mem_reg[2][2]

  Ref  DFF        Ref:/WORK/SYS_TOP/ASYNC_FIFO_U0/u_FIFO_MEM/mem_reg[2][3]
  Impl DFF        Imp:/WORK/SYS_TOP/ASYNC_FIFO_U0/u_FIFO_MEM/mem_reg[2][3]

  Ref  DFF        Ref:/WORK/SYS_TOP/ASYNC_FIFO_U0/u_FIFO_MEM/mem_reg[2][4]
  Impl DFF        Imp:/WORK/SYS_TOP/ASYNC_FIFO_U0/u_FIFO_MEM/mem_reg[2][4]

  Ref  DFF        Ref:/WORK/SYS_TOP/ASYNC_FIFO_U0/u_FIFO_MEM/mem_reg[2][5]
  Impl DFF        Imp:/WORK/SYS_TOP/ASYNC_FIFO_U0/u_FIFO_MEM/mem_reg[2][5]

  Ref  DFF        Ref:/WORK/SYS_TOP/ASYNC_FIFO_U0/u_FIFO_MEM/mem_reg[2][6]
  Impl DFF        Imp:/WORK/SYS_TOP/ASYNC_FIFO_U0/u_FIFO_MEM/mem_reg[2][6]

  Ref  DFF        Ref:/WORK/SYS_TOP/ASYNC_FIFO_U0/u_FIFO_MEM/mem_reg[2][7]
  Impl DFF        Imp:/WORK/SYS_TOP/ASYNC_FIFO_U0/u_FIFO_MEM/mem_reg[2][7]

  Ref  DFF        Ref:/WORK/SYS_TOP/ASYNC_FIFO_U0/u_FIFO_MEM/mem_reg[3][0]
  Impl DFF        Imp:/WORK/SYS_TOP/ASYNC_FIFO_U0/u_FIFO_MEM/mem_reg[3][0]

  Ref  DFF        Ref:/WORK/SYS_TOP/ASYNC_FIFO_U0/u_FIFO_MEM/mem_reg[3][1]
  Impl DFF        Imp:/WORK/SYS_TOP/ASYNC_FIFO_U0/u_FIFO_MEM/mem_reg[3][1]

  Ref  DFF        Ref:/WORK/SYS_TOP/ASYNC_FIFO_U0/u_FIFO_MEM/mem_reg[3][2]
  Impl DFF        Imp:/WORK/SYS_TOP/ASYNC_FIFO_U0/u_FIFO_MEM/mem_reg[3][2]

  Ref  DFF        Ref:/WORK/SYS_TOP/ASYNC_FIFO_U0/u_FIFO_MEM/mem_reg[3][3]
  Impl DFF        Imp:/WORK/SYS_TOP/ASYNC_FIFO_U0/u_FIFO_MEM/mem_reg[3][3]

  Ref  DFF        Ref:/WORK/SYS_TOP/ASYNC_FIFO_U0/u_FIFO_MEM/mem_reg[3][4]
  Impl DFF        Imp:/WORK/SYS_TOP/ASYNC_FIFO_U0/u_FIFO_MEM/mem_reg[3][4]

  Ref  DFF        Ref:/WORK/SYS_TOP/ASYNC_FIFO_U0/u_FIFO_MEM/mem_reg[3][5]
  Impl DFF        Imp:/WORK/SYS_TOP/ASYNC_FIFO_U0/u_FIFO_MEM/mem_reg[3][5]

  Ref  DFF        Ref:/WORK/SYS_TOP/ASYNC_FIFO_U0/u_FIFO_MEM/mem_reg[3][6]
  Impl DFF        Imp:/WORK/SYS_TOP/ASYNC_FIFO_U0/u_FIFO_MEM/mem_reg[3][6]

  Ref  DFF        Ref:/WORK/SYS_TOP/ASYNC_FIFO_U0/u_FIFO_MEM/mem_reg[3][7]
  Impl DFF        Imp:/WORK/SYS_TOP/ASYNC_FIFO_U0/u_FIFO_MEM/mem_reg[3][7]

  Ref  DFF        Ref:/WORK/SYS_TOP/ASYNC_FIFO_U0/u_FIFO_MEM/mem_reg[4][0]
  Impl DFF        Imp:/WORK/SYS_TOP/ASYNC_FIFO_U0/u_FIFO_MEM/mem_reg[4][0]

  Ref  DFF        Ref:/WORK/SYS_TOP/ASYNC_FIFO_U0/u_FIFO_MEM/mem_reg[4][1]
  Impl DFF        Imp:/WORK/SYS_TOP/ASYNC_FIFO_U0/u_FIFO_MEM/mem_reg[4][1]

  Ref  DFF        Ref:/WORK/SYS_TOP/ASYNC_FIFO_U0/u_FIFO_MEM/mem_reg[4][2]
  Impl DFF        Imp:/WORK/SYS_TOP/ASYNC_FIFO_U0/u_FIFO_MEM/mem_reg[4][2]

  Ref  DFF        Ref:/WORK/SYS_TOP/ASYNC_FIFO_U0/u_FIFO_MEM/mem_reg[4][3]
  Impl DFF        Imp:/WORK/SYS_TOP/ASYNC_FIFO_U0/u_FIFO_MEM/mem_reg[4][3]

  Ref  DFF        Ref:/WORK/SYS_TOP/ASYNC_FIFO_U0/u_FIFO_MEM/mem_reg[4][4]
  Impl DFF        Imp:/WORK/SYS_TOP/ASYNC_FIFO_U0/u_FIFO_MEM/mem_reg[4][4]

  Ref  DFF        Ref:/WORK/SYS_TOP/ASYNC_FIFO_U0/u_FIFO_MEM/mem_reg[4][5]
  Impl DFF        Imp:/WORK/SYS_TOP/ASYNC_FIFO_U0/u_FIFO_MEM/mem_reg[4][5]

  Ref  DFF        Ref:/WORK/SYS_TOP/ASYNC_FIFO_U0/u_FIFO_MEM/mem_reg[4][6]
  Impl DFF        Imp:/WORK/SYS_TOP/ASYNC_FIFO_U0/u_FIFO_MEM/mem_reg[4][6]

  Ref  DFF        Ref:/WORK/SYS_TOP/ASYNC_FIFO_U0/u_FIFO_MEM/mem_reg[4][7]
  Impl DFF        Imp:/WORK/SYS_TOP/ASYNC_FIFO_U0/u_FIFO_MEM/mem_reg[4][7]

  Ref  DFF        Ref:/WORK/SYS_TOP/ASYNC_FIFO_U0/u_FIFO_MEM/mem_reg[5][0]
  Impl DFF        Imp:/WORK/SYS_TOP/ASYNC_FIFO_U0/u_FIFO_MEM/mem_reg[5][0]

  Ref  DFF        Ref:/WORK/SYS_TOP/ASYNC_FIFO_U0/u_FIFO_MEM/mem_reg[5][1]
  Impl DFF        Imp:/WORK/SYS_TOP/ASYNC_FIFO_U0/u_FIFO_MEM/mem_reg[5][1]

  Ref  DFF        Ref:/WORK/SYS_TOP/ASYNC_FIFO_U0/u_FIFO_MEM/mem_reg[5][2]
  Impl DFF        Imp:/WORK/SYS_TOP/ASYNC_FIFO_U0/u_FIFO_MEM/mem_reg[5][2]

  Ref  DFF        Ref:/WORK/SYS_TOP/ASYNC_FIFO_U0/u_FIFO_MEM/mem_reg[5][3]
  Impl DFF        Imp:/WORK/SYS_TOP/ASYNC_FIFO_U0/u_FIFO_MEM/mem_reg[5][3]

  Ref  DFF        Ref:/WORK/SYS_TOP/ASYNC_FIFO_U0/u_FIFO_MEM/mem_reg[5][4]
  Impl DFF        Imp:/WORK/SYS_TOP/ASYNC_FIFO_U0/u_FIFO_MEM/mem_reg[5][4]

  Ref  DFF        Ref:/WORK/SYS_TOP/ASYNC_FIFO_U0/u_FIFO_MEM/mem_reg[5][5]
  Impl DFF        Imp:/WORK/SYS_TOP/ASYNC_FIFO_U0/u_FIFO_MEM/mem_reg[5][5]

  Ref  DFF        Ref:/WORK/SYS_TOP/ASYNC_FIFO_U0/u_FIFO_MEM/mem_reg[5][6]
  Impl DFF        Imp:/WORK/SYS_TOP/ASYNC_FIFO_U0/u_FIFO_MEM/mem_reg[5][6]

  Ref  DFF        Ref:/WORK/SYS_TOP/ASYNC_FIFO_U0/u_FIFO_MEM/mem_reg[5][7]
  Impl DFF        Imp:/WORK/SYS_TOP/ASYNC_FIFO_U0/u_FIFO_MEM/mem_reg[5][7]

  Ref  DFF        Ref:/WORK/SYS_TOP/ASYNC_FIFO_U0/u_FIFO_MEM/mem_reg[6][0]
  Impl DFF        Imp:/WORK/SYS_TOP/ASYNC_FIFO_U0/u_FIFO_MEM/mem_reg[6][0]

  Ref  DFF        Ref:/WORK/SYS_TOP/ASYNC_FIFO_U0/u_FIFO_MEM/mem_reg[6][1]
  Impl DFF        Imp:/WORK/SYS_TOP/ASYNC_FIFO_U0/u_FIFO_MEM/mem_reg[6][1]

  Ref  DFF        Ref:/WORK/SYS_TOP/ASYNC_FIFO_U0/u_FIFO_MEM/mem_reg[6][2]
  Impl DFF        Imp:/WORK/SYS_TOP/ASYNC_FIFO_U0/u_FIFO_MEM/mem_reg[6][2]

  Ref  DFF        Ref:/WORK/SYS_TOP/ASYNC_FIFO_U0/u_FIFO_MEM/mem_reg[6][3]
  Impl DFF        Imp:/WORK/SYS_TOP/ASYNC_FIFO_U0/u_FIFO_MEM/mem_reg[6][3]

  Ref  DFF        Ref:/WORK/SYS_TOP/ASYNC_FIFO_U0/u_FIFO_MEM/mem_reg[6][4]
  Impl DFF        Imp:/WORK/SYS_TOP/ASYNC_FIFO_U0/u_FIFO_MEM/mem_reg[6][4]

  Ref  DFF        Ref:/WORK/SYS_TOP/ASYNC_FIFO_U0/u_FIFO_MEM/mem_reg[6][5]
  Impl DFF        Imp:/WORK/SYS_TOP/ASYNC_FIFO_U0/u_FIFO_MEM/mem_reg[6][5]

  Ref  DFF        Ref:/WORK/SYS_TOP/ASYNC_FIFO_U0/u_FIFO_MEM/mem_reg[6][6]
  Impl DFF        Imp:/WORK/SYS_TOP/ASYNC_FIFO_U0/u_FIFO_MEM/mem_reg[6][6]

  Ref  DFF        Ref:/WORK/SYS_TOP/ASYNC_FIFO_U0/u_FIFO_MEM/mem_reg[6][7]
  Impl DFF        Imp:/WORK/SYS_TOP/ASYNC_FIFO_U0/u_FIFO_MEM/mem_reg[6][7]

  Ref  DFF        Ref:/WORK/SYS_TOP/ASYNC_FIFO_U0/u_FIFO_MEM/mem_reg[7][0]
  Impl DFF        Imp:/WORK/SYS_TOP/ASYNC_FIFO_U0/u_FIFO_MEM/mem_reg[7][0]

  Ref  DFF        Ref:/WORK/SYS_TOP/ASYNC_FIFO_U0/u_FIFO_MEM/mem_reg[7][1]
  Impl DFF        Imp:/WORK/SYS_TOP/ASYNC_FIFO_U0/u_FIFO_MEM/mem_reg[7][1]

  Ref  DFF        Ref:/WORK/SYS_TOP/ASYNC_FIFO_U0/u_FIFO_MEM/mem_reg[7][2]
  Impl DFF        Imp:/WORK/SYS_TOP/ASYNC_FIFO_U0/u_FIFO_MEM/mem_reg[7][2]

  Ref  DFF        Ref:/WORK/SYS_TOP/ASYNC_FIFO_U0/u_FIFO_MEM/mem_reg[7][3]
  Impl DFF        Imp:/WORK/SYS_TOP/ASYNC_FIFO_U0/u_FIFO_MEM/mem_reg[7][3]

  Ref  DFF        Ref:/WORK/SYS_TOP/ASYNC_FIFO_U0/u_FIFO_MEM/mem_reg[7][4]
  Impl DFF        Imp:/WORK/SYS_TOP/ASYNC_FIFO_U0/u_FIFO_MEM/mem_reg[7][4]

  Ref  DFF        Ref:/WORK/SYS_TOP/ASYNC_FIFO_U0/u_FIFO_MEM/mem_reg[7][5]
  Impl DFF        Imp:/WORK/SYS_TOP/ASYNC_FIFO_U0/u_FIFO_MEM/mem_reg[7][5]

  Ref  DFF        Ref:/WORK/SYS_TOP/ASYNC_FIFO_U0/u_FIFO_MEM/mem_reg[7][6]
  Impl DFF        Imp:/WORK/SYS_TOP/ASYNC_FIFO_U0/u_FIFO_MEM/mem_reg[7][6]

  Ref  DFF        Ref:/WORK/SYS_TOP/ASYNC_FIFO_U0/u_FIFO_MEM/mem_reg[7][7]
  Impl DFF        Imp:/WORK/SYS_TOP/ASYNC_FIFO_U0/u_FIFO_MEM/mem_reg[7][7]

  Ref  DFF        Ref:/WORK/SYS_TOP/ASYNC_FIFO_U0/u_rd/rbin_reg[0]
  Impl DFF        Imp:/WORK/SYS_TOP/ASYNC_FIFO_U0/u_rd/rbin_reg[0]

  Ref  DFF        Ref:/WORK/SYS_TOP/ASYNC_FIFO_U0/u_rd/rbin_reg[1]
  Impl DFF        Imp:/WORK/SYS_TOP/ASYNC_FIFO_U0/u_rd/rbin_reg[1]

  Ref  DFF        Ref:/WORK/SYS_TOP/ASYNC_FIFO_U0/u_rd/rbin_reg[2]
  Impl DFF        Imp:/WORK/SYS_TOP/ASYNC_FIFO_U0/u_rd/rbin_reg[2]

  Ref  DFF        Ref:/WORK/SYS_TOP/ASYNC_FIFO_U0/u_rd/rbin_reg[3]
  Impl DFF        Imp:/WORK/SYS_TOP/ASYNC_FIFO_U0/u_rd/rbin_reg[3]

  Ref  DFF        Ref:/WORK/SYS_TOP/ASYNC_FIFO_U0/u_rd/rempty_reg
  Impl DFF        Imp:/WORK/SYS_TOP/ASYNC_FIFO_U0/u_rd/rempty_reg

  Ref  DFF        Ref:/WORK/SYS_TOP/ASYNC_FIFO_U0/u_rd/rptr_reg[0]
  Impl DFF        Imp:/WORK/SYS_TOP/ASYNC_FIFO_U0/u_rd/rptr_reg[0]

  Ref  DFF        Ref:/WORK/SYS_TOP/ASYNC_FIFO_U0/u_rd/rptr_reg[1]
  Impl DFF        Imp:/WORK/SYS_TOP/ASYNC_FIFO_U0/u_rd/rptr_reg[1]

  Ref  DFF        Ref:/WORK/SYS_TOP/ASYNC_FIFO_U0/u_rd/rptr_reg[2]
  Impl DFF        Imp:/WORK/SYS_TOP/ASYNC_FIFO_U0/u_rd/rptr_reg[2]

  Ref  DFF        Ref:/WORK/SYS_TOP/ASYNC_FIFO_U0/u_rd/rptr_reg[3]
  Impl DFF        Imp:/WORK/SYS_TOP/ASYNC_FIFO_U0/u_rd/rptr_reg[3]

  Ref  DFF        Ref:/WORK/SYS_TOP/ASYNC_FIFO_U0/u_rinc_gen/d1_reg
  Impl DFF        Imp:/WORK/SYS_TOP/ASYNC_FIFO_U0/u_rinc_gen/d1_reg

  Ref  DFF        Ref:/WORK/SYS_TOP/ASYNC_FIFO_U0/u_rinc_gen/d2_reg
  Impl DFF        Imp:/WORK/SYS_TOP/ASYNC_FIFO_U0/u_rinc_gen/d2_reg

  Ref  DFF        Ref:/WORK/SYS_TOP/ASYNC_FIFO_U0/u_winc_gen/d1_reg
  Impl DFF        Imp:/WORK/SYS_TOP/ASYNC_FIFO_U0/u_winc_gen/d1_reg

  Ref  DFF        Ref:/WORK/SYS_TOP/ASYNC_FIFO_U0/u_winc_gen/d2_reg
  Impl DFF        Imp:/WORK/SYS_TOP/ASYNC_FIFO_U0/u_winc_gen/d2_reg

  Ref  DFF        Ref:/WORK/SYS_TOP/ASYNC_FIFO_U0/u_wr/wbin_reg[0]
  Impl DFF        Imp:/WORK/SYS_TOP/ASYNC_FIFO_U0/u_wr/wbin_reg[0]

  Ref  DFF        Ref:/WORK/SYS_TOP/ASYNC_FIFO_U0/u_wr/wbin_reg[1]
  Impl DFF        Imp:/WORK/SYS_TOP/ASYNC_FIFO_U0/u_wr/wbin_reg[1]

  Ref  DFF        Ref:/WORK/SYS_TOP/ASYNC_FIFO_U0/u_wr/wbin_reg[2]
  Impl DFF        Imp:/WORK/SYS_TOP/ASYNC_FIFO_U0/u_wr/wbin_reg[2]

  Ref  DFF        Ref:/WORK/SYS_TOP/ASYNC_FIFO_U0/u_wr/wbin_reg[3]
  Impl DFF        Imp:/WORK/SYS_TOP/ASYNC_FIFO_U0/u_wr/wbin_reg[3]

  Ref  DFF        Ref:/WORK/SYS_TOP/ASYNC_FIFO_U0/u_wr/wfull_reg
  Impl DFF        Imp:/WORK/SYS_TOP/ASYNC_FIFO_U0/u_wr/wfull_reg

  Ref  DFF        Ref:/WORK/SYS_TOP/ASYNC_FIFO_U0/u_wr/wptr_reg[0]
  Impl DFF        Imp:/WORK/SYS_TOP/ASYNC_FIFO_U0/u_wr/wptr_reg[0]

  Ref  DFF        Ref:/WORK/SYS_TOP/ASYNC_FIFO_U0/u_wr/wptr_reg[1]
  Impl DFF        Imp:/WORK/SYS_TOP/ASYNC_FIFO_U0/u_wr/wptr_reg[1]

  Ref  DFF        Ref:/WORK/SYS_TOP/ASYNC_FIFO_U0/u_wr/wptr_reg[2]
  Impl DFF        Imp:/WORK/SYS_TOP/ASYNC_FIFO_U0/u_wr/wptr_reg[2]

  Ref  DFF        Ref:/WORK/SYS_TOP/ASYNC_FIFO_U0/u_wr/wptr_reg[3]
  Impl DFF        Imp:/WORK/SYS_TOP/ASYNC_FIFO_U0/u_wr/wptr_reg[3]

  Ref  DFF        Ref:/WORK/SYS_TOP/ASYNC_FIFO_U0/w2r_DF_SYNC/reg_sync1_reg[0]
  Impl DFF        Imp:/WORK/SYS_TOP/ASYNC_FIFO_U0/w2r_DF_SYNC/reg_sync1_reg[0]

  Ref  DFF        Ref:/WORK/SYS_TOP/ASYNC_FIFO_U0/w2r_DF_SYNC/reg_sync1_reg[1]
  Impl DFF        Imp:/WORK/SYS_TOP/ASYNC_FIFO_U0/w2r_DF_SYNC/reg_sync1_reg[1]

  Ref  DFF        Ref:/WORK/SYS_TOP/ASYNC_FIFO_U0/w2r_DF_SYNC/reg_sync1_reg[2]
  Impl DFF        Imp:/WORK/SYS_TOP/ASYNC_FIFO_U0/w2r_DF_SYNC/reg_sync1_reg[2]

  Ref  DFF        Ref:/WORK/SYS_TOP/ASYNC_FIFO_U0/w2r_DF_SYNC/reg_sync1_reg[3]
  Impl DFF        Imp:/WORK/SYS_TOP/ASYNC_FIFO_U0/w2r_DF_SYNC/reg_sync1_reg[3]

  Ref  DFF        Ref:/WORK/SYS_TOP/ASYNC_FIFO_U0/w2r_DF_SYNC/reg_sync2_reg[0]
  Impl DFF        Imp:/WORK/SYS_TOP/ASYNC_FIFO_U0/w2r_DF_SYNC/reg_sync2_reg[0]

  Ref  DFF        Ref:/WORK/SYS_TOP/ASYNC_FIFO_U0/w2r_DF_SYNC/reg_sync2_reg[1]
  Impl DFF        Imp:/WORK/SYS_TOP/ASYNC_FIFO_U0/w2r_DF_SYNC/reg_sync2_reg[1]

  Ref  DFF        Ref:/WORK/SYS_TOP/ASYNC_FIFO_U0/w2r_DF_SYNC/reg_sync2_reg[2]
  Impl DFF        Imp:/WORK/SYS_TOP/ASYNC_FIFO_U0/w2r_DF_SYNC/reg_sync2_reg[2]

  Ref  DFF        Ref:/WORK/SYS_TOP/ASYNC_FIFO_U0/w2r_DF_SYNC/reg_sync2_reg[3]
  Impl DFF        Imp:/WORK/SYS_TOP/ASYNC_FIFO_U0/w2r_DF_SYNC/reg_sync2_reg[3]

  Ref  DFF        Ref:/WORK/SYS_TOP/DATA_SYNC_U0/enable_flop_reg
  Impl DFF        Imp:/WORK/SYS_TOP/DATA_SYNC_U0/enable_flop_reg

  Ref  DFF        Ref:/WORK/SYS_TOP/DATA_SYNC_U0/enable_pulse_reg
  Impl DFF        Imp:/WORK/SYS_TOP/DATA_SYNC_U0/enable_pulse_reg

  Ref  DFF        Ref:/WORK/SYS_TOP/DATA_SYNC_U0/reg_sync_reg[0]
  Impl DFF        Imp:/WORK/SYS_TOP/DATA_SYNC_U0/reg_sync_reg[0]

  Ref  DFF        Ref:/WORK/SYS_TOP/DATA_SYNC_U0/reg_sync_reg[1]
  Impl DFF        Imp:/WORK/SYS_TOP/DATA_SYNC_U0/reg_sync_reg[1]

  Ref  DFF        Ref:/WORK/SYS_TOP/DATA_SYNC_U0/sync_bus_reg[0]
  Impl DFF        Imp:/WORK/SYS_TOP/DATA_SYNC_U0/sync_bus_reg[0]

  Ref  DFF        Ref:/WORK/SYS_TOP/DATA_SYNC_U0/sync_bus_reg[1]
  Impl DFF        Imp:/WORK/SYS_TOP/DATA_SYNC_U0/sync_bus_reg[1]

  Ref  DFF        Ref:/WORK/SYS_TOP/DATA_SYNC_U0/sync_bus_reg[2]
  Impl DFF        Imp:/WORK/SYS_TOP/DATA_SYNC_U0/sync_bus_reg[2]

  Ref  DFF        Ref:/WORK/SYS_TOP/DATA_SYNC_U0/sync_bus_reg[3]
  Impl DFF        Imp:/WORK/SYS_TOP/DATA_SYNC_U0/sync_bus_reg[3]

  Ref  DFF        Ref:/WORK/SYS_TOP/DATA_SYNC_U0/sync_bus_reg[4]
  Impl DFF        Imp:/WORK/SYS_TOP/DATA_SYNC_U0/sync_bus_reg[4]

  Ref  DFF        Ref:/WORK/SYS_TOP/DATA_SYNC_U0/sync_bus_reg[5]
  Impl DFF        Imp:/WORK/SYS_TOP/DATA_SYNC_U0/sync_bus_reg[5]

  Ref  DFF        Ref:/WORK/SYS_TOP/DATA_SYNC_U0/sync_bus_reg[6]
  Impl DFF        Imp:/WORK/SYS_TOP/DATA_SYNC_U0/sync_bus_reg[6]

  Ref  DFF        Ref:/WORK/SYS_TOP/DATA_SYNC_U0/sync_bus_reg[7]
  Impl DFF        Imp:/WORK/SYS_TOP/DATA_SYNC_U0/sync_bus_reg[7]

  Ref  DFF        Ref:/WORK/SYS_TOP/PULSE_GEN_U0/d1_reg
  Impl DFF        Imp:/WORK/SYS_TOP/PULSE_GEN_U0/d1_reg

  Ref  DFF        Ref:/WORK/SYS_TOP/PULSE_GEN_U0/d2_reg
  Impl DFF        Imp:/WORK/SYS_TOP/PULSE_GEN_U0/d2_reg

  Ref  DFF        Ref:/WORK/SYS_TOP/RST_SYNC_1/reg_sync_reg[0]
  Impl DFF        Imp:/WORK/SYS_TOP/RST_SYNC_1/reg_sync_reg[0]

  Ref  DFF        Ref:/WORK/SYS_TOP/RST_SYNC_1/reg_sync_reg[1]
  Impl DFF        Imp:/WORK/SYS_TOP/RST_SYNC_1/reg_sync_reg[1]

  Ref  DFF        Ref:/WORK/SYS_TOP/RST_SYNC_2/reg_sync_reg[0]
  Impl DFF        Imp:/WORK/SYS_TOP/RST_SYNC_2/reg_sync_reg[0]

  Ref  DFF        Ref:/WORK/SYS_TOP/RST_SYNC_2/reg_sync_reg[1]
  Impl DFF        Imp:/WORK/SYS_TOP/RST_SYNC_2/reg_sync_reg[1]

  Ref  DFF        Ref:/WORK/SYS_TOP/Register_File_U0/REG_reg[0][0]
  Impl DFF        Imp:/WORK/SYS_TOP/Register_File_U0/REG_reg[0][0]

  Ref  DFF        Ref:/WORK/SYS_TOP/Register_File_U0/REG_reg[0][1]
  Impl DFF        Imp:/WORK/SYS_TOP/Register_File_U0/REG_reg[0][1]

  Ref  DFF        Ref:/WORK/SYS_TOP/Register_File_U0/REG_reg[0][2]
  Impl DFF        Imp:/WORK/SYS_TOP/Register_File_U0/REG_reg[0][2]

  Ref  DFF        Ref:/WORK/SYS_TOP/Register_File_U0/REG_reg[0][3]
  Impl DFF        Imp:/WORK/SYS_TOP/Register_File_U0/REG_reg[0][3]

  Ref  DFF        Ref:/WORK/SYS_TOP/Register_File_U0/REG_reg[0][4]
  Impl DFF        Imp:/WORK/SYS_TOP/Register_File_U0/REG_reg[0][4]

  Ref  DFF        Ref:/WORK/SYS_TOP/Register_File_U0/REG_reg[0][5]
  Impl DFF        Imp:/WORK/SYS_TOP/Register_File_U0/REG_reg[0][5]

  Ref  DFF        Ref:/WORK/SYS_TOP/Register_File_U0/REG_reg[0][6]
  Impl DFF        Imp:/WORK/SYS_TOP/Register_File_U0/REG_reg[0][6]

  Ref  DFF        Ref:/WORK/SYS_TOP/Register_File_U0/REG_reg[0][7]
  Impl DFF        Imp:/WORK/SYS_TOP/Register_File_U0/REG_reg[0][7]

  Ref  DFF        Ref:/WORK/SYS_TOP/Register_File_U0/REG_reg[10][0]
  Impl DFF        Imp:/WORK/SYS_TOP/Register_File_U0/REG_reg[10][0]

  Ref  DFF        Ref:/WORK/SYS_TOP/Register_File_U0/REG_reg[10][1]
  Impl DFF        Imp:/WORK/SYS_TOP/Register_File_U0/REG_reg[10][1]

  Ref  DFF        Ref:/WORK/SYS_TOP/Register_File_U0/REG_reg[10][2]
  Impl DFF        Imp:/WORK/SYS_TOP/Register_File_U0/REG_reg[10][2]

  Ref  DFF        Ref:/WORK/SYS_TOP/Register_File_U0/REG_reg[10][3]
  Impl DFF        Imp:/WORK/SYS_TOP/Register_File_U0/REG_reg[10][3]

  Ref  DFF        Ref:/WORK/SYS_TOP/Register_File_U0/REG_reg[10][4]
  Impl DFF        Imp:/WORK/SYS_TOP/Register_File_U0/REG_reg[10][4]

  Ref  DFF        Ref:/WORK/SYS_TOP/Register_File_U0/REG_reg[10][5]
  Impl DFF        Imp:/WORK/SYS_TOP/Register_File_U0/REG_reg[10][5]

  Ref  DFF        Ref:/WORK/SYS_TOP/Register_File_U0/REG_reg[10][6]
  Impl DFF        Imp:/WORK/SYS_TOP/Register_File_U0/REG_reg[10][6]

  Ref  DFF        Ref:/WORK/SYS_TOP/Register_File_U0/REG_reg[10][7]
  Impl DFF        Imp:/WORK/SYS_TOP/Register_File_U0/REG_reg[10][7]

  Ref  DFF        Ref:/WORK/SYS_TOP/Register_File_U0/REG_reg[11][0]
  Impl DFF        Imp:/WORK/SYS_TOP/Register_File_U0/REG_reg[11][0]

  Ref  DFF        Ref:/WORK/SYS_TOP/Register_File_U0/REG_reg[11][1]
  Impl DFF        Imp:/WORK/SYS_TOP/Register_File_U0/REG_reg[11][1]

  Ref  DFF        Ref:/WORK/SYS_TOP/Register_File_U0/REG_reg[11][2]
  Impl DFF        Imp:/WORK/SYS_TOP/Register_File_U0/REG_reg[11][2]

  Ref  DFF        Ref:/WORK/SYS_TOP/Register_File_U0/REG_reg[11][3]
  Impl DFF        Imp:/WORK/SYS_TOP/Register_File_U0/REG_reg[11][3]

  Ref  DFF        Ref:/WORK/SYS_TOP/Register_File_U0/REG_reg[11][4]
  Impl DFF        Imp:/WORK/SYS_TOP/Register_File_U0/REG_reg[11][4]

  Ref  DFF        Ref:/WORK/SYS_TOP/Register_File_U0/REG_reg[11][5]
  Impl DFF        Imp:/WORK/SYS_TOP/Register_File_U0/REG_reg[11][5]

  Ref  DFF        Ref:/WORK/SYS_TOP/Register_File_U0/REG_reg[11][6]
  Impl DFF        Imp:/WORK/SYS_TOP/Register_File_U0/REG_reg[11][6]

  Ref  DFF        Ref:/WORK/SYS_TOP/Register_File_U0/REG_reg[11][7]
  Impl DFF        Imp:/WORK/SYS_TOP/Register_File_U0/REG_reg[11][7]

  Ref  DFF        Ref:/WORK/SYS_TOP/Register_File_U0/REG_reg[12][0]
  Impl DFF        Imp:/WORK/SYS_TOP/Register_File_U0/REG_reg[12][0]

  Ref  DFF        Ref:/WORK/SYS_TOP/Register_File_U0/REG_reg[12][1]
  Impl DFF        Imp:/WORK/SYS_TOP/Register_File_U0/REG_reg[12][1]

  Ref  DFF        Ref:/WORK/SYS_TOP/Register_File_U0/REG_reg[12][2]
  Impl DFF        Imp:/WORK/SYS_TOP/Register_File_U0/REG_reg[12][2]

  Ref  DFF        Ref:/WORK/SYS_TOP/Register_File_U0/REG_reg[12][3]
  Impl DFF        Imp:/WORK/SYS_TOP/Register_File_U0/REG_reg[12][3]

  Ref  DFF        Ref:/WORK/SYS_TOP/Register_File_U0/REG_reg[12][4]
  Impl DFF        Imp:/WORK/SYS_TOP/Register_File_U0/REG_reg[12][4]

  Ref  DFF        Ref:/WORK/SYS_TOP/Register_File_U0/REG_reg[12][5]
  Impl DFF        Imp:/WORK/SYS_TOP/Register_File_U0/REG_reg[12][5]

  Ref  DFF        Ref:/WORK/SYS_TOP/Register_File_U0/REG_reg[12][6]
  Impl DFF        Imp:/WORK/SYS_TOP/Register_File_U0/REG_reg[12][6]

  Ref  DFF        Ref:/WORK/SYS_TOP/Register_File_U0/REG_reg[12][7]
  Impl DFF        Imp:/WORK/SYS_TOP/Register_File_U0/REG_reg[12][7]

  Ref  DFF        Ref:/WORK/SYS_TOP/Register_File_U0/REG_reg[13][0]
  Impl DFF        Imp:/WORK/SYS_TOP/Register_File_U0/REG_reg[13][0]

  Ref  DFF        Ref:/WORK/SYS_TOP/Register_File_U0/REG_reg[13][1]
  Impl DFF        Imp:/WORK/SYS_TOP/Register_File_U0/REG_reg[13][1]

  Ref  DFF        Ref:/WORK/SYS_TOP/Register_File_U0/REG_reg[13][2]
  Impl DFF        Imp:/WORK/SYS_TOP/Register_File_U0/REG_reg[13][2]

  Ref  DFF        Ref:/WORK/SYS_TOP/Register_File_U0/REG_reg[13][3]
  Impl DFF        Imp:/WORK/SYS_TOP/Register_File_U0/REG_reg[13][3]

  Ref  DFF        Ref:/WORK/SYS_TOP/Register_File_U0/REG_reg[13][4]
  Impl DFF        Imp:/WORK/SYS_TOP/Register_File_U0/REG_reg[13][4]

  Ref  DFF        Ref:/WORK/SYS_TOP/Register_File_U0/REG_reg[13][5]
  Impl DFF        Imp:/WORK/SYS_TOP/Register_File_U0/REG_reg[13][5]

  Ref  DFF        Ref:/WORK/SYS_TOP/Register_File_U0/REG_reg[13][6]
  Impl DFF        Imp:/WORK/SYS_TOP/Register_File_U0/REG_reg[13][6]

  Ref  DFF        Ref:/WORK/SYS_TOP/Register_File_U0/REG_reg[13][7]
  Impl DFF        Imp:/WORK/SYS_TOP/Register_File_U0/REG_reg[13][7]

  Ref  DFF        Ref:/WORK/SYS_TOP/Register_File_U0/REG_reg[14][0]
  Impl DFF        Imp:/WORK/SYS_TOP/Register_File_U0/REG_reg[14][0]

  Ref  DFF        Ref:/WORK/SYS_TOP/Register_File_U0/REG_reg[14][1]
  Impl DFF        Imp:/WORK/SYS_TOP/Register_File_U0/REG_reg[14][1]

  Ref  DFF        Ref:/WORK/SYS_TOP/Register_File_U0/REG_reg[14][2]
  Impl DFF        Imp:/WORK/SYS_TOP/Register_File_U0/REG_reg[14][2]

  Ref  DFF        Ref:/WORK/SYS_TOP/Register_File_U0/REG_reg[14][3]
  Impl DFF        Imp:/WORK/SYS_TOP/Register_File_U0/REG_reg[14][3]

  Ref  DFF        Ref:/WORK/SYS_TOP/Register_File_U0/REG_reg[14][4]
  Impl DFF        Imp:/WORK/SYS_TOP/Register_File_U0/REG_reg[14][4]

  Ref  DFF        Ref:/WORK/SYS_TOP/Register_File_U0/REG_reg[14][5]
  Impl DFF        Imp:/WORK/SYS_TOP/Register_File_U0/REG_reg[14][5]

  Ref  DFF        Ref:/WORK/SYS_TOP/Register_File_U0/REG_reg[14][6]
  Impl DFF        Imp:/WORK/SYS_TOP/Register_File_U0/REG_reg[14][6]

  Ref  DFF        Ref:/WORK/SYS_TOP/Register_File_U0/REG_reg[14][7]
  Impl DFF        Imp:/WORK/SYS_TOP/Register_File_U0/REG_reg[14][7]

  Ref  DFF        Ref:/WORK/SYS_TOP/Register_File_U0/REG_reg[15][0]
  Impl DFF        Imp:/WORK/SYS_TOP/Register_File_U0/REG_reg[15][0]

  Ref  DFF        Ref:/WORK/SYS_TOP/Register_File_U0/REG_reg[15][1]
  Impl DFF        Imp:/WORK/SYS_TOP/Register_File_U0/REG_reg[15][1]

  Ref  DFF        Ref:/WORK/SYS_TOP/Register_File_U0/REG_reg[15][2]
  Impl DFF        Imp:/WORK/SYS_TOP/Register_File_U0/REG_reg[15][2]

  Ref  DFF        Ref:/WORK/SYS_TOP/Register_File_U0/REG_reg[15][3]
  Impl DFF        Imp:/WORK/SYS_TOP/Register_File_U0/REG_reg[15][3]

  Ref  DFF        Ref:/WORK/SYS_TOP/Register_File_U0/REG_reg[15][4]
  Impl DFF        Imp:/WORK/SYS_TOP/Register_File_U0/REG_reg[15][4]

  Ref  DFF        Ref:/WORK/SYS_TOP/Register_File_U0/REG_reg[15][5]
  Impl DFF        Imp:/WORK/SYS_TOP/Register_File_U0/REG_reg[15][5]

  Ref  DFF        Ref:/WORK/SYS_TOP/Register_File_U0/REG_reg[15][6]
  Impl DFF        Imp:/WORK/SYS_TOP/Register_File_U0/REG_reg[15][6]

  Ref  DFF        Ref:/WORK/SYS_TOP/Register_File_U0/REG_reg[15][7]
  Impl DFF        Imp:/WORK/SYS_TOP/Register_File_U0/REG_reg[15][7]

  Ref  DFF        Ref:/WORK/SYS_TOP/Register_File_U0/REG_reg[1][0]
  Impl DFF        Imp:/WORK/SYS_TOP/Register_File_U0/REG_reg[1][0]

  Ref  DFF        Ref:/WORK/SYS_TOP/Register_File_U0/REG_reg[1][1]
  Impl DFF        Imp:/WORK/SYS_TOP/Register_File_U0/REG_reg[1][1]

  Ref  DFF        Ref:/WORK/SYS_TOP/Register_File_U0/REG_reg[1][2]
  Impl DFF        Imp:/WORK/SYS_TOP/Register_File_U0/REG_reg[1][2]

  Ref  DFF        Ref:/WORK/SYS_TOP/Register_File_U0/REG_reg[1][3]
  Impl DFF        Imp:/WORK/SYS_TOP/Register_File_U0/REG_reg[1][3]

  Ref  DFF        Ref:/WORK/SYS_TOP/Register_File_U0/REG_reg[1][4]
  Impl DFF        Imp:/WORK/SYS_TOP/Register_File_U0/REG_reg[1][4]

  Ref  DFF        Ref:/WORK/SYS_TOP/Register_File_U0/REG_reg[1][5]
  Impl DFF        Imp:/WORK/SYS_TOP/Register_File_U0/REG_reg[1][5]

  Ref  DFF        Ref:/WORK/SYS_TOP/Register_File_U0/REG_reg[1][6]
  Impl DFF        Imp:/WORK/SYS_TOP/Register_File_U0/REG_reg[1][6]

  Ref  DFF        Ref:/WORK/SYS_TOP/Register_File_U0/REG_reg[1][7]
  Impl DFF        Imp:/WORK/SYS_TOP/Register_File_U0/REG_reg[1][7]

  Ref  DFF        Ref:/WORK/SYS_TOP/Register_File_U0/REG_reg[2][0]
  Impl DFF        Imp:/WORK/SYS_TOP/Register_File_U0/REG_reg[2][0]

  Ref  DFF        Ref:/WORK/SYS_TOP/Register_File_U0/REG_reg[2][1]
  Impl DFF        Imp:/WORK/SYS_TOP/Register_File_U0/REG_reg[2][1]

  Ref  DFF        Ref:/WORK/SYS_TOP/Register_File_U0/REG_reg[2][2]
  Impl DFF        Imp:/WORK/SYS_TOP/Register_File_U0/REG_reg[2][2]

  Ref  DFF        Ref:/WORK/SYS_TOP/Register_File_U0/REG_reg[2][3]
  Impl DFF        Imp:/WORK/SYS_TOP/Register_File_U0/REG_reg[2][3]

  Ref  DFF        Ref:/WORK/SYS_TOP/Register_File_U0/REG_reg[2][4]
  Impl DFF        Imp:/WORK/SYS_TOP/Register_File_U0/REG_reg[2][4]

  Ref  DFF        Ref:/WORK/SYS_TOP/Register_File_U0/REG_reg[2][5]
  Impl DFF        Imp:/WORK/SYS_TOP/Register_File_U0/REG_reg[2][5]

  Ref  DFF        Ref:/WORK/SYS_TOP/Register_File_U0/REG_reg[2][6]
  Impl DFF        Imp:/WORK/SYS_TOP/Register_File_U0/REG_reg[2][6]

  Ref  DFF        Ref:/WORK/SYS_TOP/Register_File_U0/REG_reg[2][7]
  Impl DFF        Imp:/WORK/SYS_TOP/Register_File_U0/REG_reg[2][7]

  Ref  DFF        Ref:/WORK/SYS_TOP/Register_File_U0/REG_reg[3][0]
  Impl DFF        Imp:/WORK/SYS_TOP/Register_File_U0/REG_reg[3][0]

  Ref  DFF        Ref:/WORK/SYS_TOP/Register_File_U0/REG_reg[3][1]
  Impl DFF        Imp:/WORK/SYS_TOP/Register_File_U0/REG_reg[3][1]

  Ref  DFF        Ref:/WORK/SYS_TOP/Register_File_U0/REG_reg[3][2]
  Impl DFF        Imp:/WORK/SYS_TOP/Register_File_U0/REG_reg[3][2]

  Ref  DFF        Ref:/WORK/SYS_TOP/Register_File_U0/REG_reg[3][3]
  Impl DFF        Imp:/WORK/SYS_TOP/Register_File_U0/REG_reg[3][3]

  Ref  DFF        Ref:/WORK/SYS_TOP/Register_File_U0/REG_reg[3][4]
  Impl DFF        Imp:/WORK/SYS_TOP/Register_File_U0/REG_reg[3][4]

  Ref  DFF        Ref:/WORK/SYS_TOP/Register_File_U0/REG_reg[3][5]
  Impl DFF        Imp:/WORK/SYS_TOP/Register_File_U0/REG_reg[3][5]

  Ref  DFF        Ref:/WORK/SYS_TOP/Register_File_U0/REG_reg[3][6]
  Impl DFF        Imp:/WORK/SYS_TOP/Register_File_U0/REG_reg[3][6]

  Ref  DFF        Ref:/WORK/SYS_TOP/Register_File_U0/REG_reg[3][7]
  Impl DFF        Imp:/WORK/SYS_TOP/Register_File_U0/REG_reg[3][7]

  Ref  DFF        Ref:/WORK/SYS_TOP/Register_File_U0/REG_reg[4][0]
  Impl DFF        Imp:/WORK/SYS_TOP/Register_File_U0/REG_reg[4][0]

  Ref  DFF        Ref:/WORK/SYS_TOP/Register_File_U0/REG_reg[4][1]
  Impl DFF        Imp:/WORK/SYS_TOP/Register_File_U0/REG_reg[4][1]

  Ref  DFF        Ref:/WORK/SYS_TOP/Register_File_U0/REG_reg[4][2]
  Impl DFF        Imp:/WORK/SYS_TOP/Register_File_U0/REG_reg[4][2]

  Ref  DFF        Ref:/WORK/SYS_TOP/Register_File_U0/REG_reg[4][3]
  Impl DFF        Imp:/WORK/SYS_TOP/Register_File_U0/REG_reg[4][3]

  Ref  DFF        Ref:/WORK/SYS_TOP/Register_File_U0/REG_reg[4][4]
  Impl DFF        Imp:/WORK/SYS_TOP/Register_File_U0/REG_reg[4][4]

  Ref  DFF        Ref:/WORK/SYS_TOP/Register_File_U0/REG_reg[4][5]
  Impl DFF        Imp:/WORK/SYS_TOP/Register_File_U0/REG_reg[4][5]

  Ref  DFF        Ref:/WORK/SYS_TOP/Register_File_U0/REG_reg[4][6]
  Impl DFF        Imp:/WORK/SYS_TOP/Register_File_U0/REG_reg[4][6]

  Ref  DFF        Ref:/WORK/SYS_TOP/Register_File_U0/REG_reg[4][7]
  Impl DFF        Imp:/WORK/SYS_TOP/Register_File_U0/REG_reg[4][7]

  Ref  DFF        Ref:/WORK/SYS_TOP/Register_File_U0/REG_reg[5][0]
  Impl DFF        Imp:/WORK/SYS_TOP/Register_File_U0/REG_reg[5][0]

  Ref  DFF        Ref:/WORK/SYS_TOP/Register_File_U0/REG_reg[5][1]
  Impl DFF        Imp:/WORK/SYS_TOP/Register_File_U0/REG_reg[5][1]

  Ref  DFF        Ref:/WORK/SYS_TOP/Register_File_U0/REG_reg[5][2]
  Impl DFF        Imp:/WORK/SYS_TOP/Register_File_U0/REG_reg[5][2]

  Ref  DFF        Ref:/WORK/SYS_TOP/Register_File_U0/REG_reg[5][3]
  Impl DFF        Imp:/WORK/SYS_TOP/Register_File_U0/REG_reg[5][3]

  Ref  DFF        Ref:/WORK/SYS_TOP/Register_File_U0/REG_reg[5][4]
  Impl DFF        Imp:/WORK/SYS_TOP/Register_File_U0/REG_reg[5][4]

  Ref  DFF        Ref:/WORK/SYS_TOP/Register_File_U0/REG_reg[5][5]
  Impl DFF        Imp:/WORK/SYS_TOP/Register_File_U0/REG_reg[5][5]

  Ref  DFF        Ref:/WORK/SYS_TOP/Register_File_U0/REG_reg[5][6]
  Impl DFF        Imp:/WORK/SYS_TOP/Register_File_U0/REG_reg[5][6]

  Ref  DFF        Ref:/WORK/SYS_TOP/Register_File_U0/REG_reg[5][7]
  Impl DFF        Imp:/WORK/SYS_TOP/Register_File_U0/REG_reg[5][7]

  Ref  DFF        Ref:/WORK/SYS_TOP/Register_File_U0/REG_reg[6][0]
  Impl DFF        Imp:/WORK/SYS_TOP/Register_File_U0/REG_reg[6][0]

  Ref  DFF        Ref:/WORK/SYS_TOP/Register_File_U0/REG_reg[6][1]
  Impl DFF        Imp:/WORK/SYS_TOP/Register_File_U0/REG_reg[6][1]

  Ref  DFF        Ref:/WORK/SYS_TOP/Register_File_U0/REG_reg[6][2]
  Impl DFF        Imp:/WORK/SYS_TOP/Register_File_U0/REG_reg[6][2]

  Ref  DFF        Ref:/WORK/SYS_TOP/Register_File_U0/REG_reg[6][3]
  Impl DFF        Imp:/WORK/SYS_TOP/Register_File_U0/REG_reg[6][3]

  Ref  DFF        Ref:/WORK/SYS_TOP/Register_File_U0/REG_reg[6][4]
  Impl DFF        Imp:/WORK/SYS_TOP/Register_File_U0/REG_reg[6][4]

  Ref  DFF        Ref:/WORK/SYS_TOP/Register_File_U0/REG_reg[6][5]
  Impl DFF        Imp:/WORK/SYS_TOP/Register_File_U0/REG_reg[6][5]

  Ref  DFF        Ref:/WORK/SYS_TOP/Register_File_U0/REG_reg[6][6]
  Impl DFF        Imp:/WORK/SYS_TOP/Register_File_U0/REG_reg[6][6]

  Ref  DFF        Ref:/WORK/SYS_TOP/Register_File_U0/REG_reg[6][7]
  Impl DFF        Imp:/WORK/SYS_TOP/Register_File_U0/REG_reg[6][7]

  Ref  DFF        Ref:/WORK/SYS_TOP/Register_File_U0/REG_reg[7][0]
  Impl DFF        Imp:/WORK/SYS_TOP/Register_File_U0/REG_reg[7][0]

  Ref  DFF        Ref:/WORK/SYS_TOP/Register_File_U0/REG_reg[7][1]
  Impl DFF        Imp:/WORK/SYS_TOP/Register_File_U0/REG_reg[7][1]

  Ref  DFF        Ref:/WORK/SYS_TOP/Register_File_U0/REG_reg[7][2]
  Impl DFF        Imp:/WORK/SYS_TOP/Register_File_U0/REG_reg[7][2]

  Ref  DFF        Ref:/WORK/SYS_TOP/Register_File_U0/REG_reg[7][3]
  Impl DFF        Imp:/WORK/SYS_TOP/Register_File_U0/REG_reg[7][3]

  Ref  DFF        Ref:/WORK/SYS_TOP/Register_File_U0/REG_reg[7][4]
  Impl DFF        Imp:/WORK/SYS_TOP/Register_File_U0/REG_reg[7][4]

  Ref  DFF        Ref:/WORK/SYS_TOP/Register_File_U0/REG_reg[7][5]
  Impl DFF        Imp:/WORK/SYS_TOP/Register_File_U0/REG_reg[7][5]

  Ref  DFF        Ref:/WORK/SYS_TOP/Register_File_U0/REG_reg[7][6]
  Impl DFF        Imp:/WORK/SYS_TOP/Register_File_U0/REG_reg[7][6]

  Ref  DFF        Ref:/WORK/SYS_TOP/Register_File_U0/REG_reg[7][7]
  Impl DFF        Imp:/WORK/SYS_TOP/Register_File_U0/REG_reg[7][7]

  Ref  DFF        Ref:/WORK/SYS_TOP/Register_File_U0/REG_reg[8][0]
  Impl DFF        Imp:/WORK/SYS_TOP/Register_File_U0/REG_reg[8][0]

  Ref  DFF        Ref:/WORK/SYS_TOP/Register_File_U0/REG_reg[8][1]
  Impl DFF        Imp:/WORK/SYS_TOP/Register_File_U0/REG_reg[8][1]

  Ref  DFF        Ref:/WORK/SYS_TOP/Register_File_U0/REG_reg[8][2]
  Impl DFF        Imp:/WORK/SYS_TOP/Register_File_U0/REG_reg[8][2]

  Ref  DFF        Ref:/WORK/SYS_TOP/Register_File_U0/REG_reg[8][3]
  Impl DFF        Imp:/WORK/SYS_TOP/Register_File_U0/REG_reg[8][3]

  Ref  DFF        Ref:/WORK/SYS_TOP/Register_File_U0/REG_reg[8][4]
  Impl DFF        Imp:/WORK/SYS_TOP/Register_File_U0/REG_reg[8][4]

  Ref  DFF        Ref:/WORK/SYS_TOP/Register_File_U0/REG_reg[8][5]
  Impl DFF        Imp:/WORK/SYS_TOP/Register_File_U0/REG_reg[8][5]

  Ref  DFF        Ref:/WORK/SYS_TOP/Register_File_U0/REG_reg[8][6]
  Impl DFF        Imp:/WORK/SYS_TOP/Register_File_U0/REG_reg[8][6]

  Ref  DFF        Ref:/WORK/SYS_TOP/Register_File_U0/REG_reg[8][7]
  Impl DFF        Imp:/WORK/SYS_TOP/Register_File_U0/REG_reg[8][7]

  Ref  DFF        Ref:/WORK/SYS_TOP/Register_File_U0/REG_reg[9][0]
  Impl DFF        Imp:/WORK/SYS_TOP/Register_File_U0/REG_reg[9][0]

  Ref  DFF        Ref:/WORK/SYS_TOP/Register_File_U0/REG_reg[9][1]
  Impl DFF        Imp:/WORK/SYS_TOP/Register_File_U0/REG_reg[9][1]

  Ref  DFF        Ref:/WORK/SYS_TOP/Register_File_U0/REG_reg[9][2]
  Impl DFF        Imp:/WORK/SYS_TOP/Register_File_U0/REG_reg[9][2]

  Ref  DFF        Ref:/WORK/SYS_TOP/Register_File_U0/REG_reg[9][3]
  Impl DFF        Imp:/WORK/SYS_TOP/Register_File_U0/REG_reg[9][3]

  Ref  DFF        Ref:/WORK/SYS_TOP/Register_File_U0/REG_reg[9][4]
  Impl DFF        Imp:/WORK/SYS_TOP/Register_File_U0/REG_reg[9][4]

  Ref  DFF        Ref:/WORK/SYS_TOP/Register_File_U0/REG_reg[9][5]
  Impl DFF        Imp:/WORK/SYS_TOP/Register_File_U0/REG_reg[9][5]

  Ref  DFF        Ref:/WORK/SYS_TOP/Register_File_U0/REG_reg[9][6]
  Impl DFF        Imp:/WORK/SYS_TOP/Register_File_U0/REG_reg[9][6]

  Ref  DFF        Ref:/WORK/SYS_TOP/Register_File_U0/REG_reg[9][7]
  Impl DFF        Imp:/WORK/SYS_TOP/Register_File_U0/REG_reg[9][7]

  Ref  DFF        Ref:/WORK/SYS_TOP/Register_File_U0/RdData_Valid_reg
  Impl DFF        Imp:/WORK/SYS_TOP/Register_File_U0/RdData_Valid_reg

  Ref  DFF        Ref:/WORK/SYS_TOP/Register_File_U0/RdData_reg[0]
  Impl DFF        Imp:/WORK/SYS_TOP/Register_File_U0/RdData_reg[0]

  Ref  DFF        Ref:/WORK/SYS_TOP/Register_File_U0/RdData_reg[1]
  Impl DFF        Imp:/WORK/SYS_TOP/Register_File_U0/RdData_reg[1]

  Ref  DFF        Ref:/WORK/SYS_TOP/Register_File_U0/RdData_reg[2]
  Impl DFF        Imp:/WORK/SYS_TOP/Register_File_U0/RdData_reg[2]

  Ref  DFF        Ref:/WORK/SYS_TOP/Register_File_U0/RdData_reg[3]
  Impl DFF        Imp:/WORK/SYS_TOP/Register_File_U0/RdData_reg[3]

  Ref  DFF        Ref:/WORK/SYS_TOP/Register_File_U0/RdData_reg[4]
  Impl DFF        Imp:/WORK/SYS_TOP/Register_File_U0/RdData_reg[4]

  Ref  DFF        Ref:/WORK/SYS_TOP/Register_File_U0/RdData_reg[5]
  Impl DFF        Imp:/WORK/SYS_TOP/Register_File_U0/RdData_reg[5]

  Ref  DFF        Ref:/WORK/SYS_TOP/Register_File_U0/RdData_reg[6]
  Impl DFF        Imp:/WORK/SYS_TOP/Register_File_U0/RdData_reg[6]

  Ref  DFF        Ref:/WORK/SYS_TOP/Register_File_U0/RdData_reg[7]
  Impl DFF        Imp:/WORK/SYS_TOP/Register_File_U0/RdData_reg[7]

  Ref  DFF        Ref:/WORK/SYS_TOP/SYS_CTRL_U0/current_state_reg[0]
  Impl DFF        Imp:/WORK/SYS_TOP/SYS_CTRL_U0/current_state_reg[0]

  Ref  DFF        Ref:/WORK/SYS_TOP/SYS_CTRL_U0/current_state_reg[1]
  Impl DFF        Imp:/WORK/SYS_TOP/SYS_CTRL_U0/current_state_reg[1]

  Ref  DFF        Ref:/WORK/SYS_TOP/SYS_CTRL_U0/current_state_reg[2]
  Impl DFF        Imp:/WORK/SYS_TOP/SYS_CTRL_U0/current_state_reg[2]

  Ref  DFF        Ref:/WORK/SYS_TOP/SYS_CTRL_U0/frame_cnt_reg[0]
  Impl DFF        Imp:/WORK/SYS_TOP/SYS_CTRL_U0/frame_cnt_reg[0]

  Ref  DFF        Ref:/WORK/SYS_TOP/SYS_CTRL_U0/frame_cnt_reg[1]
  Impl DFF        Imp:/WORK/SYS_TOP/SYS_CTRL_U0/frame_cnt_reg[1]

  Ref  DFF        Ref:/WORK/SYS_TOP/SYS_CTRL_U0/frame_cnt_reg[2]
  Impl DFF        Imp:/WORK/SYS_TOP/SYS_CTRL_U0/frame_cnt_reg[2]

  Ref  DFF        Ref:/WORK/SYS_TOP/SYS_CTRL_U0/store_frames_reg[0][0]
  Impl DFF        Imp:/WORK/SYS_TOP/SYS_CTRL_U0/store_frames_reg[0][0]

  Ref  DFF        Ref:/WORK/SYS_TOP/SYS_CTRL_U0/store_frames_reg[0][1]
  Impl DFF        Imp:/WORK/SYS_TOP/SYS_CTRL_U0/store_frames_reg[0][1]

  Ref  DFF        Ref:/WORK/SYS_TOP/SYS_CTRL_U0/store_frames_reg[0][2]
  Impl DFF        Imp:/WORK/SYS_TOP/SYS_CTRL_U0/store_frames_reg[0][2]

  Ref  DFF        Ref:/WORK/SYS_TOP/SYS_CTRL_U0/store_frames_reg[0][3]
  Impl DFF        Imp:/WORK/SYS_TOP/SYS_CTRL_U0/store_frames_reg[0][3]

  Ref  DFF        Ref:/WORK/SYS_TOP/SYS_CTRL_U0/store_frames_reg[0][4]
  Impl DFF        Imp:/WORK/SYS_TOP/SYS_CTRL_U0/store_frames_reg[0][4]

  Ref  DFF        Ref:/WORK/SYS_TOP/SYS_CTRL_U0/store_frames_reg[0][5]
  Impl DFF        Imp:/WORK/SYS_TOP/SYS_CTRL_U0/store_frames_reg[0][5]

  Ref  DFF        Ref:/WORK/SYS_TOP/SYS_CTRL_U0/store_frames_reg[0][6]
  Impl DFF        Imp:/WORK/SYS_TOP/SYS_CTRL_U0/store_frames_reg[0][6]

  Ref  DFF        Ref:/WORK/SYS_TOP/SYS_CTRL_U0/store_frames_reg[0][7]
  Impl DFF        Imp:/WORK/SYS_TOP/SYS_CTRL_U0/store_frames_reg[0][7]

  Ref  DFF        Ref:/WORK/SYS_TOP/SYS_CTRL_U0/store_frames_reg[1][0]
  Impl DFF        Imp:/WORK/SYS_TOP/SYS_CTRL_U0/store_frames_reg[1][0]

  Ref  DFF        Ref:/WORK/SYS_TOP/SYS_CTRL_U0/store_frames_reg[1][1]
  Impl DFF        Imp:/WORK/SYS_TOP/SYS_CTRL_U0/store_frames_reg[1][1]

  Ref  DFF        Ref:/WORK/SYS_TOP/SYS_CTRL_U0/store_frames_reg[1][2]
  Impl DFF        Imp:/WORK/SYS_TOP/SYS_CTRL_U0/store_frames_reg[1][2]

  Ref  DFF        Ref:/WORK/SYS_TOP/SYS_CTRL_U0/store_frames_reg[1][3]
  Impl DFF        Imp:/WORK/SYS_TOP/SYS_CTRL_U0/store_frames_reg[1][3]

  Ref  DFF        Ref:/WORK/SYS_TOP/SYS_CTRL_U0/store_frames_reg[1][4]
  Impl DFF        Imp:/WORK/SYS_TOP/SYS_CTRL_U0/store_frames_reg[1][4]

  Ref  DFF        Ref:/WORK/SYS_TOP/SYS_CTRL_U0/store_frames_reg[1][5]
  Impl DFF        Imp:/WORK/SYS_TOP/SYS_CTRL_U0/store_frames_reg[1][5]

  Ref  DFF        Ref:/WORK/SYS_TOP/SYS_CTRL_U0/store_frames_reg[1][6]
  Impl DFF        Imp:/WORK/SYS_TOP/SYS_CTRL_U0/store_frames_reg[1][6]

  Ref  DFF        Ref:/WORK/SYS_TOP/SYS_CTRL_U0/store_frames_reg[1][7]
  Impl DFF        Imp:/WORK/SYS_TOP/SYS_CTRL_U0/store_frames_reg[1][7]

  Ref  DFF        Ref:/WORK/SYS_TOP/SYS_CTRL_U0/store_frames_reg[2][0]
  Impl DFF        Imp:/WORK/SYS_TOP/SYS_CTRL_U0/store_frames_reg[2][0]

  Ref  DFF        Ref:/WORK/SYS_TOP/SYS_CTRL_U0/store_frames_reg[2][1]
  Impl DFF        Imp:/WORK/SYS_TOP/SYS_CTRL_U0/store_frames_reg[2][1]

  Ref  DFF        Ref:/WORK/SYS_TOP/SYS_CTRL_U0/store_frames_reg[2][2]
  Impl DFF        Imp:/WORK/SYS_TOP/SYS_CTRL_U0/store_frames_reg[2][2]

  Ref  DFF        Ref:/WORK/SYS_TOP/SYS_CTRL_U0/store_frames_reg[2][3]
  Impl DFF        Imp:/WORK/SYS_TOP/SYS_CTRL_U0/store_frames_reg[2][3]

  Ref  DFF        Ref:/WORK/SYS_TOP/SYS_CTRL_U0/store_frames_reg[2][4]
  Impl DFF        Imp:/WORK/SYS_TOP/SYS_CTRL_U0/store_frames_reg[2][4]

  Ref  DFF        Ref:/WORK/SYS_TOP/SYS_CTRL_U0/store_frames_reg[2][5]
  Impl DFF        Imp:/WORK/SYS_TOP/SYS_CTRL_U0/store_frames_reg[2][5]

  Ref  DFF        Ref:/WORK/SYS_TOP/SYS_CTRL_U0/store_frames_reg[2][6]
  Impl DFF        Imp:/WORK/SYS_TOP/SYS_CTRL_U0/store_frames_reg[2][6]

  Ref  DFF        Ref:/WORK/SYS_TOP/SYS_CTRL_U0/store_frames_reg[2][7]
  Impl DFF        Imp:/WORK/SYS_TOP/SYS_CTRL_U0/store_frames_reg[2][7]

  Ref  DFF        Ref:/WORK/SYS_TOP/SYS_CTRL_U0/store_frames_reg[3][0]
  Impl DFF        Imp:/WORK/SYS_TOP/SYS_CTRL_U0/store_frames_reg[3][0]

  Ref  DFF        Ref:/WORK/SYS_TOP/SYS_CTRL_U0/store_frames_reg[3][1]
  Impl DFF        Imp:/WORK/SYS_TOP/SYS_CTRL_U0/store_frames_reg[3][1]

  Ref  DFF        Ref:/WORK/SYS_TOP/SYS_CTRL_U0/store_frames_reg[3][2]
  Impl DFF        Imp:/WORK/SYS_TOP/SYS_CTRL_U0/store_frames_reg[3][2]

  Ref  DFF        Ref:/WORK/SYS_TOP/SYS_CTRL_U0/store_frames_reg[3][3]
  Impl DFF        Imp:/WORK/SYS_TOP/SYS_CTRL_U0/store_frames_reg[3][3]

  Ref  DFF        Ref:/WORK/SYS_TOP/UART_RX_CLK_U0/counter_reg[0]
  Impl DFF        Imp:/WORK/SYS_TOP/UART_RX_CLK_U0/counter_reg[0]

  Ref  DFF        Ref:/WORK/SYS_TOP/UART_RX_CLK_U0/counter_reg[1]
  Impl DFF        Imp:/WORK/SYS_TOP/UART_RX_CLK_U0/counter_reg[1]

  Ref  DFF        Ref:/WORK/SYS_TOP/UART_RX_CLK_U0/counter_reg[2]
  Impl DFF        Imp:/WORK/SYS_TOP/UART_RX_CLK_U0/counter_reg[2]

  Ref  DFF        Ref:/WORK/SYS_TOP/UART_RX_CLK_U0/counter_reg[3]
  Impl DFF        Imp:/WORK/SYS_TOP/UART_RX_CLK_U0/counter_reg[3]

  Ref  DFF        Ref:/WORK/SYS_TOP/UART_RX_CLK_U0/counter_reg[4]
  Impl DFF        Imp:/WORK/SYS_TOP/UART_RX_CLK_U0/counter_reg[4]

  Ref  DFF        Ref:/WORK/SYS_TOP/UART_RX_CLK_U0/counter_reg[5]
  Impl DFF        Imp:/WORK/SYS_TOP/UART_RX_CLK_U0/counter_reg[5]

  Ref  DFF        Ref:/WORK/SYS_TOP/UART_RX_CLK_U0/counter_reg[6]
  Impl DFF        Imp:/WORK/SYS_TOP/UART_RX_CLK_U0/counter_reg[6]

  Ref  DFF        Ref:/WORK/SYS_TOP/UART_RX_CLK_U0/counter_reg[7]
  Impl DFF        Imp:/WORK/SYS_TOP/UART_RX_CLK_U0/counter_reg[7]

  Ref  DFF        Ref:/WORK/SYS_TOP/UART_RX_CLK_U0/div_clk_reg_reg
  Impl DFF        Imp:/WORK/SYS_TOP/UART_RX_CLK_U0/div_clk_reg_reg

  Ref  DFF        Ref:/WORK/SYS_TOP/UART_RX_CLK_U0/flag_reg
  Impl DFF        Imp:/WORK/SYS_TOP/UART_RX_CLK_U0/flag_reg

  Ref  DFF        Ref:/WORK/SYS_TOP/UART_TX_CLK_U0/counter_reg[0]
  Impl DFF        Imp:/WORK/SYS_TOP/UART_TX_CLK_U0/counter_reg[0]

  Ref  DFF        Ref:/WORK/SYS_TOP/UART_TX_CLK_U0/counter_reg[1]
  Impl DFF        Imp:/WORK/SYS_TOP/UART_TX_CLK_U0/counter_reg[1]

  Ref  DFF        Ref:/WORK/SYS_TOP/UART_TX_CLK_U0/counter_reg[2]
  Impl DFF        Imp:/WORK/SYS_TOP/UART_TX_CLK_U0/counter_reg[2]

  Ref  DFF        Ref:/WORK/SYS_TOP/UART_TX_CLK_U0/counter_reg[3]
  Impl DFF        Imp:/WORK/SYS_TOP/UART_TX_CLK_U0/counter_reg[3]

  Ref  DFF        Ref:/WORK/SYS_TOP/UART_TX_CLK_U0/counter_reg[4]
  Impl DFF        Imp:/WORK/SYS_TOP/UART_TX_CLK_U0/counter_reg[4]

  Ref  DFF        Ref:/WORK/SYS_TOP/UART_TX_CLK_U0/counter_reg[5]
  Impl DFF        Imp:/WORK/SYS_TOP/UART_TX_CLK_U0/counter_reg[5]

  Ref  DFF        Ref:/WORK/SYS_TOP/UART_TX_CLK_U0/counter_reg[6]
  Impl DFF        Imp:/WORK/SYS_TOP/UART_TX_CLK_U0/counter_reg[6]

  Ref  DFF        Ref:/WORK/SYS_TOP/UART_TX_CLK_U0/counter_reg[7]
  Impl DFF        Imp:/WORK/SYS_TOP/UART_TX_CLK_U0/counter_reg[7]

  Ref  DFF        Ref:/WORK/SYS_TOP/UART_TX_CLK_U0/div_clk_reg_reg
  Impl DFF        Imp:/WORK/SYS_TOP/UART_TX_CLK_U0/div_clk_reg_reg

  Ref  DFF        Ref:/WORK/SYS_TOP/UART_TX_CLK_U0/flag_reg
  Impl DFF        Imp:/WORK/SYS_TOP/UART_TX_CLK_U0/flag_reg

  Ref  DFF        Ref:/WORK/SYS_TOP/UART_U0/UART_RX_U0/UART_RX_FSM_unit/current_state_reg[0]
  Impl DFF        Imp:/WORK/SYS_TOP/UART_U0/UART_RX_U0/UART_RX_FSM_unit/current_state_reg[0]

  Ref  DFF        Ref:/WORK/SYS_TOP/UART_U0/UART_RX_U0/UART_RX_FSM_unit/current_state_reg[1]
  Impl DFF        Imp:/WORK/SYS_TOP/UART_U0/UART_RX_U0/UART_RX_FSM_unit/current_state_reg[1]

  Ref  DFF        Ref:/WORK/SYS_TOP/UART_U0/UART_RX_U0/UART_RX_FSM_unit/current_state_reg[2]
  Impl DFF        Imp:/WORK/SYS_TOP/UART_U0/UART_RX_U0/UART_RX_FSM_unit/current_state_reg[2]

  Ref  DFF        Ref:/WORK/SYS_TOP/UART_U0/UART_RX_U0/data_sampling_unit/sample_1_reg
  Impl DFF        Imp:/WORK/SYS_TOP/UART_U0/UART_RX_U0/data_sampling_unit/sample_1_reg

  Ref  DFF        Ref:/WORK/SYS_TOP/UART_U0/UART_RX_U0/data_sampling_unit/sample_2_reg
  Impl DFF        Imp:/WORK/SYS_TOP/UART_U0/UART_RX_U0/data_sampling_unit/sample_2_reg

  Ref  DFF        Ref:/WORK/SYS_TOP/UART_U0/UART_RX_U0/data_sampling_unit/sample_3_reg
  Impl DFF        Imp:/WORK/SYS_TOP/UART_U0/UART_RX_U0/data_sampling_unit/sample_3_reg

  Ref  DFF        Ref:/WORK/SYS_TOP/UART_U0/UART_RX_U0/data_sampling_unit/sampled_bit_reg
  Impl DFF        Imp:/WORK/SYS_TOP/UART_U0/UART_RX_U0/data_sampling_unit/sampled_bit_reg

  Ref  DFF        Ref:/WORK/SYS_TOP/UART_U0/UART_RX_U0/deserialize_unit/P_DATA_reg[0]
  Impl DFF        Imp:/WORK/SYS_TOP/UART_U0/UART_RX_U0/deserialize_unit/P_DATA_reg[0]

  Ref  DFF        Ref:/WORK/SYS_TOP/UART_U0/UART_RX_U0/deserialize_unit/P_DATA_reg[1]
  Impl DFF        Imp:/WORK/SYS_TOP/UART_U0/UART_RX_U0/deserialize_unit/P_DATA_reg[1]

  Ref  DFF        Ref:/WORK/SYS_TOP/UART_U0/UART_RX_U0/deserialize_unit/P_DATA_reg[2]
  Impl DFF        Imp:/WORK/SYS_TOP/UART_U0/UART_RX_U0/deserialize_unit/P_DATA_reg[2]

  Ref  DFF        Ref:/WORK/SYS_TOP/UART_U0/UART_RX_U0/deserialize_unit/P_DATA_reg[3]
  Impl DFF        Imp:/WORK/SYS_TOP/UART_U0/UART_RX_U0/deserialize_unit/P_DATA_reg[3]

  Ref  DFF        Ref:/WORK/SYS_TOP/UART_U0/UART_RX_U0/deserialize_unit/P_DATA_reg[4]
  Impl DFF        Imp:/WORK/SYS_TOP/UART_U0/UART_RX_U0/deserialize_unit/P_DATA_reg[4]

  Ref  DFF        Ref:/WORK/SYS_TOP/UART_U0/UART_RX_U0/deserialize_unit/P_DATA_reg[5]
  Impl DFF        Imp:/WORK/SYS_TOP/UART_U0/UART_RX_U0/deserialize_unit/P_DATA_reg[5]

  Ref  DFF        Ref:/WORK/SYS_TOP/UART_U0/UART_RX_U0/deserialize_unit/P_DATA_reg[6]
  Impl DFF        Imp:/WORK/SYS_TOP/UART_U0/UART_RX_U0/deserialize_unit/P_DATA_reg[6]

  Ref  DFF        Ref:/WORK/SYS_TOP/UART_U0/UART_RX_U0/deserialize_unit/P_DATA_reg[7]
  Impl DFF        Imp:/WORK/SYS_TOP/UART_U0/UART_RX_U0/deserialize_unit/P_DATA_reg[7]

  Ref  DFF        Ref:/WORK/SYS_TOP/UART_U0/UART_RX_U0/edge_bit_counter_unit/bit_cnt_reg[0]
  Impl DFF        Imp:/WORK/SYS_TOP/UART_U0/UART_RX_U0/edge_bit_counter_unit/bit_cnt_reg[0]

  Ref  DFF        Ref:/WORK/SYS_TOP/UART_U0/UART_RX_U0/edge_bit_counter_unit/bit_cnt_reg[1]
  Impl DFF        Imp:/WORK/SYS_TOP/UART_U0/UART_RX_U0/edge_bit_counter_unit/bit_cnt_reg[1]

  Ref  DFF        Ref:/WORK/SYS_TOP/UART_U0/UART_RX_U0/edge_bit_counter_unit/bit_cnt_reg[2]
  Impl DFF        Imp:/WORK/SYS_TOP/UART_U0/UART_RX_U0/edge_bit_counter_unit/bit_cnt_reg[2]

  Ref  DFF        Ref:/WORK/SYS_TOP/UART_U0/UART_RX_U0/edge_bit_counter_unit/bit_cnt_reg[3]
  Impl DFF        Imp:/WORK/SYS_TOP/UART_U0/UART_RX_U0/edge_bit_counter_unit/bit_cnt_reg[3]

  Ref  DFF        Ref:/WORK/SYS_TOP/UART_U0/UART_RX_U0/edge_bit_counter_unit/edge_cnt_reg[0]
  Impl DFF        Imp:/WORK/SYS_TOP/UART_U0/UART_RX_U0/edge_bit_counter_unit/edge_cnt_reg[0]

  Ref  DFF        Ref:/WORK/SYS_TOP/UART_U0/UART_RX_U0/edge_bit_counter_unit/edge_cnt_reg[1]
  Impl DFF        Imp:/WORK/SYS_TOP/UART_U0/UART_RX_U0/edge_bit_counter_unit/edge_cnt_reg[1]

  Ref  DFF        Ref:/WORK/SYS_TOP/UART_U0/UART_RX_U0/edge_bit_counter_unit/edge_cnt_reg[2]
  Impl DFF        Imp:/WORK/SYS_TOP/UART_U0/UART_RX_U0/edge_bit_counter_unit/edge_cnt_reg[2]

  Ref  DFF        Ref:/WORK/SYS_TOP/UART_U0/UART_RX_U0/edge_bit_counter_unit/edge_cnt_reg[3]
  Impl DFF        Imp:/WORK/SYS_TOP/UART_U0/UART_RX_U0/edge_bit_counter_unit/edge_cnt_reg[3]

  Ref  DFF        Ref:/WORK/SYS_TOP/UART_U0/UART_RX_U0/edge_bit_counter_unit/edge_cnt_reg[4]
  Impl DFF        Imp:/WORK/SYS_TOP/UART_U0/UART_RX_U0/edge_bit_counter_unit/edge_cnt_reg[4]

  Ref  DFF        Ref:/WORK/SYS_TOP/UART_U0/UART_RX_U0/edge_bit_counter_unit/edge_cnt_reg[5]
  Impl DFF        Imp:/WORK/SYS_TOP/UART_U0/UART_RX_U0/edge_bit_counter_unit/edge_cnt_reg[5]

  Ref  DFF        Ref:/WORK/SYS_TOP/UART_U0/UART_RX_U0/parity_check_unit/par_err_reg
  Impl DFF        Imp:/WORK/SYS_TOP/UART_U0/UART_RX_U0/parity_check_unit/par_err_reg

  Ref  DFF        Ref:/WORK/SYS_TOP/UART_U0/UART_RX_U0/start_check_unit/strt_glitch_reg
  Impl DFF0       Imp:/WORK/SYS_TOP/UART_U0/UART_RX_U0/start_check_unit/strt_glitch_reg

  Ref  DFF        Ref:/WORK/SYS_TOP/UART_U0/UART_RX_U0/stop_check_unit/stp_err_reg
  Impl DFF        Imp:/WORK/SYS_TOP/UART_U0/UART_RX_U0/stop_check_unit/stp_err_reg

  Ref  DFF        Ref:/WORK/SYS_TOP/UART_U0/UART_TX_U0/FSM_unit/busy_reg
  Impl DFF        Imp:/WORK/SYS_TOP/UART_U0/UART_TX_U0/FSM_unit/busy_reg

  Ref  DFF        Ref:/WORK/SYS_TOP/UART_U0/UART_TX_U0/FSM_unit/current_state_reg[0]
  Impl DFF        Imp:/WORK/SYS_TOP/UART_U0/UART_TX_U0/FSM_unit/current_state_reg[0]

  Ref  DFF        Ref:/WORK/SYS_TOP/UART_U0/UART_TX_U0/FSM_unit/current_state_reg[1]
  Impl DFF        Imp:/WORK/SYS_TOP/UART_U0/UART_TX_U0/FSM_unit/current_state_reg[1]

  Ref  DFF        Ref:/WORK/SYS_TOP/UART_U0/UART_TX_U0/FSM_unit/current_state_reg[2]
  Impl DFF        Imp:/WORK/SYS_TOP/UART_U0/UART_TX_U0/FSM_unit/current_state_reg[2]

  Ref  DFF        Ref:/WORK/SYS_TOP/UART_U0/UART_TX_U0/MUX_unit/TX_OUT_reg
  Impl DFF        Imp:/WORK/SYS_TOP/UART_U0/UART_TX_U0/MUX_unit/TX_OUT_reg

  Ref  DFF        Ref:/WORK/SYS_TOP/UART_U0/UART_TX_U0/parity_calc_unit/par_bit_reg
  Impl DFF        Imp:/WORK/SYS_TOP/UART_U0/UART_TX_U0/parity_calc_unit/par_bit_reg

  Ref  DFF        Ref:/WORK/SYS_TOP/UART_U0/UART_TX_U0/parity_calc_unit/reg_data_reg[0]
  Impl DFF        Imp:/WORK/SYS_TOP/UART_U0/UART_TX_U0/parity_calc_unit/reg_data_reg[0]

  Ref  DFF        Ref:/WORK/SYS_TOP/UART_U0/UART_TX_U0/parity_calc_unit/reg_data_reg[1]
  Impl DFF        Imp:/WORK/SYS_TOP/UART_U0/UART_TX_U0/parity_calc_unit/reg_data_reg[1]

  Ref  DFF        Ref:/WORK/SYS_TOP/UART_U0/UART_TX_U0/parity_calc_unit/reg_data_reg[2]
  Impl DFF        Imp:/WORK/SYS_TOP/UART_U0/UART_TX_U0/parity_calc_unit/reg_data_reg[2]

  Ref  DFF        Ref:/WORK/SYS_TOP/UART_U0/UART_TX_U0/parity_calc_unit/reg_data_reg[3]
  Impl DFF        Imp:/WORK/SYS_TOP/UART_U0/UART_TX_U0/parity_calc_unit/reg_data_reg[3]

  Ref  DFF        Ref:/WORK/SYS_TOP/UART_U0/UART_TX_U0/parity_calc_unit/reg_data_reg[4]
  Impl DFF        Imp:/WORK/SYS_TOP/UART_U0/UART_TX_U0/parity_calc_unit/reg_data_reg[4]

  Ref  DFF        Ref:/WORK/SYS_TOP/UART_U0/UART_TX_U0/parity_calc_unit/reg_data_reg[5]
  Impl DFF        Imp:/WORK/SYS_TOP/UART_U0/UART_TX_U0/parity_calc_unit/reg_data_reg[5]

  Ref  DFF        Ref:/WORK/SYS_TOP/UART_U0/UART_TX_U0/parity_calc_unit/reg_data_reg[6]
  Impl DFF        Imp:/WORK/SYS_TOP/UART_U0/UART_TX_U0/parity_calc_unit/reg_data_reg[6]

  Ref  DFF        Ref:/WORK/SYS_TOP/UART_U0/UART_TX_U0/parity_calc_unit/reg_data_reg[7]
  Impl DFF        Imp:/WORK/SYS_TOP/UART_U0/UART_TX_U0/parity_calc_unit/reg_data_reg[7]

  Ref  DFF        Ref:/WORK/SYS_TOP/UART_U0/UART_TX_U0/serializer_unit/DATA_V_reg[0]
  Impl DFF        Imp:/WORK/SYS_TOP/UART_U0/UART_TX_U0/serializer_unit/DATA_V_reg[0]

  Ref  DFF        Ref:/WORK/SYS_TOP/UART_U0/UART_TX_U0/serializer_unit/DATA_V_reg[1]
  Impl DFF        Imp:/WORK/SYS_TOP/UART_U0/UART_TX_U0/serializer_unit/DATA_V_reg[1]

  Ref  DFF        Ref:/WORK/SYS_TOP/UART_U0/UART_TX_U0/serializer_unit/DATA_V_reg[2]
  Impl DFF        Imp:/WORK/SYS_TOP/UART_U0/UART_TX_U0/serializer_unit/DATA_V_reg[2]

  Ref  DFF        Ref:/WORK/SYS_TOP/UART_U0/UART_TX_U0/serializer_unit/DATA_V_reg[3]
  Impl DFF        Imp:/WORK/SYS_TOP/UART_U0/UART_TX_U0/serializer_unit/DATA_V_reg[3]

  Ref  DFF        Ref:/WORK/SYS_TOP/UART_U0/UART_TX_U0/serializer_unit/DATA_V_reg[4]
  Impl DFF        Imp:/WORK/SYS_TOP/UART_U0/UART_TX_U0/serializer_unit/DATA_V_reg[4]

  Ref  DFF        Ref:/WORK/SYS_TOP/UART_U0/UART_TX_U0/serializer_unit/DATA_V_reg[5]
  Impl DFF        Imp:/WORK/SYS_TOP/UART_U0/UART_TX_U0/serializer_unit/DATA_V_reg[5]

  Ref  DFF        Ref:/WORK/SYS_TOP/UART_U0/UART_TX_U0/serializer_unit/DATA_V_reg[6]
  Impl DFF        Imp:/WORK/SYS_TOP/UART_U0/UART_TX_U0/serializer_unit/DATA_V_reg[6]

  Ref  DFF        Ref:/WORK/SYS_TOP/UART_U0/UART_TX_U0/serializer_unit/DATA_V_reg[7]
  Impl DFF        Imp:/WORK/SYS_TOP/UART_U0/UART_TX_U0/serializer_unit/DATA_V_reg[7]

  Ref  DFF        Ref:/WORK/SYS_TOP/UART_U0/UART_TX_U0/serializer_unit/ser_count_reg[0]
  Impl DFF        Imp:/WORK/SYS_TOP/UART_U0/UART_TX_U0/serializer_unit/ser_count_reg[0]

  Ref  DFF        Ref:/WORK/SYS_TOP/UART_U0/UART_TX_U0/serializer_unit/ser_count_reg[1]
  Impl DFF        Imp:/WORK/SYS_TOP/UART_U0/UART_TX_U0/serializer_unit/ser_count_reg[1]

  Ref  DFF        Ref:/WORK/SYS_TOP/UART_U0/UART_TX_U0/serializer_unit/ser_count_reg[2]
  Impl DFF        Imp:/WORK/SYS_TOP/UART_U0/UART_TX_U0/serializer_unit/ser_count_reg[2]

  Ref  Port       Ref:/WORK/SYS_TOP/UART_TX_O
  Impl Port       Imp:/WORK/SYS_TOP/UART_TX_O

  Ref  Port       Ref:/WORK/SYS_TOP/framing_error
  Impl Port       Imp:/WORK/SYS_TOP/framing_error

  Ref  Port       Ref:/WORK/SYS_TOP/parity_error
  Impl Port       Imp:/WORK/SYS_TOP/parity_error

 [BBNet: multiply-driven net
  BBPin: black-box pin
  Cut:   cut-point
  DFF:   non-constant DFF register
  DFF0:  constant 0 DFF register
  DFF1:  constant 1 DFF register
  DFFX:  constant X DFF register
  DFF0X: constrained 0X DFF register
  DFF1X: constrained 1X DFF register
  LAT:   non-constant latch register
  LAT0:  constant 0 latch register
  LAT1:  constant 1 latch register
  LATX:  constant X latch register
  LAT0X: constrained 0X latch register
  LAT1X: constrained 1X latch register
  LATCG: clock-gating latch register
  TLA:   transparent latch register
  TLA0X: transparent constrained 0X latch register
  TLA1X: transparent constrained 1X latch register
  Loop:  cycle break point
  Port:  primary (top-level) port
  Und:   undriven signal cut-point
  Unk:   unknown signal cut-point]

1
