
                                 Formality (R)

               Version L-2016.03-SP1 for linux64 - Apr 13, 2016 

                    Copyright (c) 1988 - 2016 Synopsys, Inc.
   This software and the associated documentation are proprietary to Synopsys,
 Inc. This software may only be used in accordance with the terms and conditions
 of a written license agreement with Synopsys, Inc. All other use, reproduction,
            or distribution of this software is strictly prohibited.

  ** Highlights of Formality (R) Version L-2016.03 **
   - New alternate verification strategies for resolving inconclusive verifications
   - Automation for deploying alternate strategies
   - New command to export the mapping of reference to implementation registers
   - New capability to combine PG and low power information from db libraries with Verilog functional models

   * Please refer to the Formality Release Notes for details and additional enhancements

Build: 4031317
Hostname: IC (RHEL64)
Current time: Wed Oct  1 03:29:09 2025

Loading db file '/opt/Synopsys/Formality2016/libraries/syn/gtech.db'
########################### Define Top Module ############################
set top_module SYS_TOP
SYS_TOP
######################### Formality Setup File ###########################
set synopsys_auto_setup true
true
set_svf "../../DFT/$top_module.svf"
SVF set to '../../DFT/SYS_TOP.svf'.
1
set SSLIB "/home/IC/tsmc_fb_cl013g_sc/aci/sc-m/synopsys/scmetro_tsmc_cl013g_rvt_ss_1p08v_125c.db"
/home/IC/tsmc_fb_cl013g_sc/aci/sc-m/synopsys/scmetro_tsmc_cl013g_rvt_ss_1p08v_125c.db
set TTLIB "/home/IC/tsmc_fb_cl013g_sc/aci/sc-m/synopsys/scmetro_tsmc_cl013g_rvt_tt_1p2v_25c.db"
/home/IC/tsmc_fb_cl013g_sc/aci/sc-m/synopsys/scmetro_tsmc_cl013g_rvt_tt_1p2v_25c.db
set FFLIB "/home/IC/tsmc_fb_cl013g_sc/aci/sc-m/synopsys/scmetro_tsmc_cl013g_rvt_ff_1p32v_m40c.db"
/home/IC/tsmc_fb_cl013g_sc/aci/sc-m/synopsys/scmetro_tsmc_cl013g_rvt_ff_1p32v_m40c.db
######################### Reference Container ############################
## Read Reference technology libraries
read_db -container Ref [list $SSLIB $TTLIB $FFLIB]
Loading db file '/home/IC/tsmc_fb_cl013g_sc/aci/sc-m/synopsys/scmetro_tsmc_cl013g_rvt_ss_1p08v_125c.db'
Created container 'Ref'
Current container set to 'Ref'
Loading db file '/home/IC/tsmc_fb_cl013g_sc/aci/sc-m/synopsys/scmetro_tsmc_cl013g_rvt_tt_1p2v_25c.db'
Loading db file '/home/IC/tsmc_fb_cl013g_sc/aci/sc-m/synopsys/scmetro_tsmc_cl013g_rvt_ff_1p32v_m40c.db'
1
## Read Reference Design Files
read_verilog -container Ref "/home/IC/Projects/System/RTL/SYS_TOP_dft.v"
No target library specified, default is WORK
Initializing DesignWare ...
Initialization Complete
Loading verilog file '/home/IC/Projects/System/RTL/SYS_TOP_dft.v'
1
read_verilog -container Ref "/home/IC/Projects/System/RTL/ALU.v"
No target library specified, default is WORK
Loading verilog file '/home/IC/Projects/System/RTL/ALU.v'
1
read_verilog -container Ref "/home/IC/Projects/System/RTL/ASYNC_FIFO.v"
No target library specified, default is WORK
Loading verilog file '/home/IC/Projects/System/RTL/ASYNC_FIFO.v'
1
read_verilog -container Ref "/home/IC/Projects/System/RTL/CLK_GATE.v"
No target library specified, default is WORK
Loading verilog file '/home/IC/Projects/System/RTL/CLK_GATE.v'
1
read_verilog -container Ref "/home/IC/Projects/System/RTL/CLKDIV_MUX.v"
No target library specified, default is WORK
Loading verilog file '/home/IC/Projects/System/RTL/CLKDIV_MUX.v'
1
read_verilog -container Ref "/home/IC/Projects/System/RTL/Clock_Divider.v"
No target library specified, default is WORK
Loading verilog file '/home/IC/Projects/System/RTL/Clock_Divider.v'
1
read_verilog -container Ref "/home/IC/Projects/System/RTL/data_sampling.v"
No target library specified, default is WORK
Loading verilog file '/home/IC/Projects/System/RTL/data_sampling.v'
1
read_verilog -container Ref "/home/IC/Projects/System/RTL/DATA_SYNC.v"
No target library specified, default is WORK
Loading verilog file '/home/IC/Projects/System/RTL/DATA_SYNC.v'
1
read_verilog -container Ref "/home/IC/Projects/System/RTL/deserializer.v"
No target library specified, default is WORK
Loading verilog file '/home/IC/Projects/System/RTL/deserializer.v'
1
read_verilog -container Ref "/home/IC/Projects/System/RTL/DF_SYNC.v"
No target library specified, default is WORK
Loading verilog file '/home/IC/Projects/System/RTL/DF_SYNC.v'
1
read_verilog -container Ref "/home/IC/Projects/System/RTL/edge_bit_counter.v"
No target library specified, default is WORK
Loading verilog file '/home/IC/Projects/System/RTL/edge_bit_counter.v'
1
read_verilog -container Ref "/home/IC/Projects/System/RTL/FIFO_MEM_CNTRL.v"
No target library specified, default is WORK
Loading verilog file '/home/IC/Projects/System/RTL/FIFO_MEM_CNTRL.v'
1
read_verilog -container Ref "/home/IC/Projects/System/RTL/FIFO_RD.v"
No target library specified, default is WORK
Loading verilog file '/home/IC/Projects/System/RTL/FIFO_RD.v'
1
read_verilog -container Ref "/home/IC/Projects/System/RTL/FIFO_WR.v"
No target library specified, default is WORK
Loading verilog file '/home/IC/Projects/System/RTL/FIFO_WR.v'
1
read_sverilog -container Ref "/home/IC/Projects/System/RTL/FSM.sv"
No target library specified, default is WORK
Loading verilog file '/home/IC/Projects/System/RTL/FSM.sv'
1
read_verilog -container Ref "/home/IC/Projects/System/RTL/MUX.v"
No target library specified, default is WORK
Loading verilog file '/home/IC/Projects/System/RTL/MUX.v'
1
read_verilog -container Ref "/home/IC/Projects/System/RTL/parity_calc.v"
No target library specified, default is WORK
Loading verilog file '/home/IC/Projects/System/RTL/parity_calc.v'
1
read_verilog -container Ref "/home/IC/Projects/System/RTL/parity_check.v"
No target library specified, default is WORK
Loading verilog file '/home/IC/Projects/System/RTL/parity_check.v'
1
read_verilog -container Ref "/home/IC/Projects/System/RTL/PULSE_GEN.v"
No target library specified, default is WORK
Loading verilog file '/home/IC/Projects/System/RTL/PULSE_GEN.v'
1
read_verilog -container Ref "/home/IC/Projects/System/RTL/Register_File.v"
No target library specified, default is WORK
Loading verilog file '/home/IC/Projects/System/RTL/Register_File.v'
1
read_verilog -container Ref "/home/IC/Projects/System/RTL/RST_SYNC.v"
No target library specified, default is WORK
Loading verilog file '/home/IC/Projects/System/RTL/RST_SYNC.v'
1
read_verilog -container Ref "/home/IC/Projects/System/RTL/serializer.v"
No target library specified, default is WORK
Loading verilog file '/home/IC/Projects/System/RTL/serializer.v'
1
read_verilog -container Ref "/home/IC/Projects/System/RTL/start_check.v"
No target library specified, default is WORK
Loading verilog file '/home/IC/Projects/System/RTL/start_check.v'
1
read_verilog -container Ref "/home/IC/Projects/System/RTL/stop_check.v"
No target library specified, default is WORK
Loading verilog file '/home/IC/Projects/System/RTL/stop_check.v'
1
read_sverilog -container Ref "/home/IC/Projects/System/RTL/SYS_CTRL.sv"
No target library specified, default is WORK
Loading verilog file '/home/IC/Projects/System/RTL/SYS_CTRL.sv'
1
read_verilog -container Ref "/home/IC/Projects/System/RTL/UART.v"
No target library specified, default is WORK
Loading verilog file '/home/IC/Projects/System/RTL/UART.v'
1
read_verilog -container Ref "/home/IC/Projects/System/RTL/UART_RX.v"
No target library specified, default is WORK
Loading verilog file '/home/IC/Projects/System/RTL/UART_RX.v'
1
read_sverilog -container Ref "/home/IC/Projects/System/RTL/UART_RX_FSM.sv"
No target library specified, default is WORK
Loading verilog file '/home/IC/Projects/System/RTL/UART_RX_FSM.sv'
1
read_verilog -container Ref "/home/IC/Projects/System/RTL/UART_TX.v"
No target library specified, default is WORK
Loading verilog file '/home/IC/Projects/System/RTL/UART_TX.v'
1
read_verilog -container Ref "/home/IC/Projects/System/RTL/mux2X1.v"
No target library specified, default is WORK
Loading verilog file '/home/IC/Projects/System/RTL/mux2X1.v'
1
## set the top Reference Design 
set_reference_design SYS_TOP
Reference design set to 'Ref:/WORK/SYS_TOP'
1
set_top SYS_TOP
Setting top design to 'Ref:/WORK/SYS_TOP'
Status:   Elaborating design SYS_TOP   ...  
Status:   Elaborating design mux2X1   ...  
Status:   Elaborating design UART  IN_width=8, DATA_WIDTH=8 ...  
Information: Created design named 'UART_IN_width8_DATA_WIDTH8'. (FE-LINK-13)
Status:   Elaborating design UART_TX  IN_width=8 ...  
Information: Created design named 'UART_TX_IN_width8'. (FE-LINK-13)
Status:   Elaborating design serializer  IN_width=8 ...  
Information: Created design named 'serializer_IN_width8'. (FE-LINK-13)
Status:   Elaborating design parity_calc  IN_width=8 ...  
Information: Created design named 'parity_calc_IN_width8'. (FE-LINK-13)
Status:   Elaborating design FSM   ...  
Status:   Elaborating design MUX   ...  
Status:   Elaborating design UART_RX  prescale_width=6, DATA_WIDTH=8 ...  
Information: Created design named 'UART_RX_prescale_width6_DATA_WIDTH8'. (FE-LINK-13)
Status:   Elaborating design data_sampling  prescale_width=6 ...  
Information: Created design named 'data_sampling_prescale_width6'. (FE-LINK-13)
Status:   Elaborating design edge_bit_counter  prescale_width=6, bit_cnt_width=4 ...  
Information: Created design named 'edge_bit_counter_prescale_width6_bit_cnt_width4'. (FE-LINK-13)
Status:   Elaborating design deserializer  DATA_WIDTH=8, bit_cnt_width=4 ...  
Information: Created design named 'deserializer_DATA_WIDTH8_bit_cnt_width4'. (FE-LINK-13)
Status:   Elaborating design parity_check  DATA_WIDTH=8 ...  
Information: Created design named 'parity_check_DATA_WIDTH8'. (FE-LINK-13)
Status:   Elaborating design stop_check   ...  
Status:   Elaborating design start_check   ...  
Status:   Elaborating design UART_RX_FSM  DATA_WIDTH=8, bit_cnt_width=4 ...  
Information: Created design named 'UART_RX_FSM_DATA_WIDTH8_bit_cnt_width4'. (FE-LINK-13)
Status:   Elaborating design CLKDIV_MUX  DATA_WIDTH=8 ...  
Information: Created design named 'CLKDIV_MUX_DATA_WIDTH8'. (FE-LINK-13)
Status:   Elaborating design Clock_Divider   ...  
Status:   Elaborating design RST_SYNC   ...  
Status:   Elaborating design DATA_SYNC  BUS_WIDTH=8 ...  
Information: Created design named 'DATA_SYNC_BUS_WIDTH8'. (FE-LINK-13)
Status:   Elaborating design SYS_CTRL  WIDTH=8, ADDR=4 ...  
Information: Created design named 'SYS_CTRL_WIDTH8_ADDR4'. (FE-LINK-13)
Status:   Elaborating design Register_File  WIDTH=8, ADDR=4 ...  
Information: Created design named 'Register_File_WIDTH8_ADDR4'. (FE-LINK-13)
Status:   Elaborating design CLK_GATE   ...  
Status:   Elaborating design ALU  DATA_WIDTH=8 ...  
Information: Created design named 'ALU_DATA_WIDTH8'. (FE-LINK-13)
Status:   Elaborating design ASYNC_FIFO  DATA_WIDTH=8 ...  
Information: Created design named 'ASYNC_FIFO_DATA_WIDTH8'. (FE-LINK-13)
Status:   Elaborating design PULSE_GEN   ...  
Status:   Elaborating design FIFO_WR  ADDR_WIDTH=3 ...  
Information: Created design named 'FIFO_WR_ADDR_WIDTH3'. (FE-LINK-13)
Status:   Elaborating design FIFO_RD  ADDR_WIDTH=3 ...  
Information: Created design named 'FIFO_RD_ADDR_WIDTH3'. (FE-LINK-13)
Status:   Elaborating design DF_SYNC  ADDR_WIDTH=3 ...  
Information: Created design named 'DF_SYNC_ADDR_WIDTH3'. (FE-LINK-13)
Status:   Elaborating design FIFO_MEM_CNTRL  DATA_WIDTH=8, ADDR_WIDTH=3 ...  
Information: Created design named 'FIFO_MEM_CNTRL_DATA_WIDTH8_ADDR_WIDTH3'. (FE-LINK-13)
Status:  Implementing inferred operators...

************ Library Checking Summary ************
Warning:  3 unlinked power cell(s) with unread pg pins.
        Use 'report_libraries -defects all' for more details.
**************************************************

Top design successfully set to 'Ref:/WORK/SYS_TOP'
Reference design set to 'Ref:/WORK/SYS_TOP'
1
######################## Implementation Container #########################
## Read Implementation technology libraries
read_db -container Imp [list $SSLIB $TTLIB $FFLIB]
Loading db file '/home/IC/tsmc_fb_cl013g_sc/aci/sc-m/synopsys/scmetro_tsmc_cl013g_rvt_ss_1p08v_125c.db'
Created container 'Imp'
Current container set to 'Imp'
Loading db file '/home/IC/tsmc_fb_cl013g_sc/aci/sc-m/synopsys/scmetro_tsmc_cl013g_rvt_tt_1p2v_25c.db'
Loading db file '/home/IC/tsmc_fb_cl013g_sc/aci/sc-m/synopsys/scmetro_tsmc_cl013g_rvt_ff_1p32v_m40c.db'
1
## Read Implementation Design Files
read_verilog -container Imp -netlist "/home/IC/Projects/System/DFT/netlists/SYS_TOP.v"
No target library specified, default is WORK
Loading verilog file '/home/IC/Projects/System/DFT/netlists/SYS_TOP.v'
1
## set the top Implementation Design
set_implementation_design SYS_TOP
Implementation design set to 'Imp:/WORK/SYS_TOP'
1
set_top SYS_TOP
Setting top design to 'Imp:/WORK/SYS_TOP'
Status:  Implementing inferred operators...

************ Library Checking Summary ************
Warning:  3 unlinked power cell(s) with unread pg pins.
        Use 'report_libraries -defects all' for more details.
**************************************************

Top design successfully set to 'Imp:/WORK/SYS_TOP'
Implementation design set to 'Imp:/WORK/SYS_TOP'
1
############################### Don't verify #################################
# do not verify scan in & scan out ports as a compare point as it is existed only after synthesis and not existed in the RTL
#scan in
set_dont_verify_points -type port Ref:/WORK/*/SI*
Set don't verify point 'Ref:/WORK/SYS_TOP/SI[0]'
Set don't verify point 'Ref:/WORK/SYS_TOP/SI[1]'
Set don't verify point 'Ref:/WORK/SYS_TOP/SI[2]'
1
set_dont_verify_points -type port Imp:/WORK/*/SI*
Set don't verify point 'Imp:/WORK/SYS_TOP/SI[0]'
Set don't verify point 'Imp:/WORK/SYS_TOP/SI[1]'
Set don't verify point 'Imp:/WORK/SYS_TOP/SI[2]'
1
#scan_out
set_dont_verify_points -type port Ref:/WORK/*/SO*
Set don't verify point 'Ref:/WORK/SYS_TOP/SO[0]'
Set don't verify point 'Ref:/WORK/SYS_TOP/SO[1]'
Set don't verify point 'Ref:/WORK/SYS_TOP/SO[2]'
1
set_dont_verify_points -type port Imp:/WORK/*/SO*
Set don't verify point 'Imp:/WORK/SYS_TOP/SO[0]'
Set don't verify point 'Imp:/WORK/SYS_TOP/SO[1]'
Set don't verify point 'Imp:/WORK/SYS_TOP/SO[2]'
1
############################### constants #####################################
# all atpg enable(test_mode, scan_enable) are zero during formal compare
#test_mode
set_constant Ref:/WORK/*/test_mode 0
Set 'Ref:/WORK/SYS_TOP/test_mode' to constant 0
1
set_constant Imp:/WORK/*/test_mode 0
Set 'Imp:/WORK/SYS_TOP/test_mode' to constant 0
1
#scan_enable
set_constant Ref:/WORK/*/SE 0
Set 'Ref:/WORK/SYS_TOP/SE' to constant 0
1
set_constant Imp:/WORK/*/SE 0
Set 'Imp:/WORK/SYS_TOP/SE' to constant 0
1
########################### matching Compare points ##########################
match
Reference design is 'Ref:/WORK/SYS_TOP'
Implementation design is 'Imp:/WORK/SYS_TOP'
Status:  Checking designs...
    Warning: 3 (12) undriven nets found in reference (implementation) design; see formality.log for list (FM-399)
Status:  Building verification models...
Status:  Processing Guide Commands...
    Set 'Ref:/WORK/SYS_TOP/SE' to constant 0    
    Set 'Imp:/WORK/SYS_TOP/SE' to constant 0    
    Set 'Ref:/WORK/SYS_TOP/test_mode' to constant 1    
    Set 'Imp:/WORK/SYS_TOP/test_mode' to constant 1    
    Set 'Imp:/WORK/SYS_TOP/SE' to constant 0    ; previous value was also 0
    Set 'Imp:/WORK/SYS_TOP/test_mode' to constant 1    ; previous value was also 1

***************************** Guidance Summary *****************************
                                         Status
Command                 Accepted   Rejected  Unsupported  Unprocessed  Total
----------------------------------------------------------------------------
environment         :          2          0          0          0          2
instance_map        :         29          0          0          0         29
mark                :         22          0          0          0         22
multiplier          :          2          0          0          0          2
replace             :          1          0          0          0          1
scan_input          :          2          0          0          0          2
transformation
   map              :         29          0          0          0         29
   share            :          2          0          0          0          2
uniquify            :         35          2          0          0         37
ununiquify          :          1          0          0          0          1

Note: If verification succeeds you can safely ignore unaccepted guidance commands.

SVF files read:
      ../../DFT/SYS_TOP.svf

SVF files produced:
  /home/IC/Projects/System/Formality/post-dft/formality_svf/
    svf.txt
****************************************************************************

Status:  Matching...
    
*********************************** Matching Results ***********************************    
 385 Compare points matched by name    
 0 Compare points matched by signature analysis    
 0 Compare points matched by topology    
 5 Matched primary inputs, black-box outputs    
 0(0) Unmatched reference(implementation) compare points    
 0(0) Unmatched reference(implementation) primary inputs, black-box outputs    
 4(1) Unmatched reference(implementation) unread points    
****************************************************************************************

1
################################# verify #####################################
set successful [verify]
Reference design is 'Ref:/WORK/SYS_TOP'
Implementation design is 'Imp:/WORK/SYS_TOP'
    
*********************************** Matching Results ***********************************    
 385 Compare points matched by name    
 0 Compare points matched by signature analysis    
 0 Compare points matched by topology    
 5 Matched primary inputs, black-box outputs    
 0(0) Unmatched reference(implementation) compare points    
 0(0) Unmatched reference(implementation) primary inputs, black-box outputs    
 4(1) Unmatched reference(implementation) unread points    
****************************************************************************************

Status:  Verifying...

***************************** Synopsys Auto Setup Summary ******************************

!!! Synopsys Auto Setup Mode was enabled. !!!
!!! Verification results are valid assuming the following setup constraints: !!!

### RTL Interpretation Setup
   set hdlin_ignore_parallel_case false
   set hdlin_ignore_full_case false
   set hdlin_error_on_mismatch_message false
   set hdlin_ignore_embedded_configuration true

### Undriven Signal Handling Setup
   set verification_set_undriven_signals synthesis

### Test Logic Setup
   set verification_verify_directly_undriven_output false
   Constants set on:
     SYS_TOP/SE
     SYS_TOP/test_mode
   For details see report_dont_verify_points and report_constants


For further details on Synopsys Auto Setup Mode: Type man synopsys_auto_setup
****************************************************************************************


********************************* Verification Results *********************************
Verification SUCCEEDED
   ATTENTION: synopsys_auto_setup mode was enabled.
              See Synopsys Auto Setup Summary for details.
----------------------------------------------------------
 Reference design: Ref:/WORK/SYS_TOP
 Implementation design: Imp:/WORK/SYS_TOP
 385 Passing compare points
----------------------------------------------------------------------------------------
Matched Compare Points     BBPin    Loop   BBNet     Cut    Port     DFF     LAT   TOTAL
----------------------------------------------------------------------------------------
Passing (equivalent)           0       0       0       0       3     381       1     385
Failing (not equivalent)       0       0       0       0       0       0       0       0
Not Compared
  Don't verify                 0       0       0       0       3       0       0       3
****************************************************************************************
1
if {!$successful} {
diagnose
analyze_points -failing
}
report_passing_points > "reports/passing_points.rpt"
report_failing_points > "reports/failing_points.rpt"
report_aborted_points > "reports/aborted_points.rpt"
report_unverified_points > "reports/unverified_points.rpt"
start_gui
     1  source -echo -verbose dft_fm_script.tcl
1
1
fm_shell (verify)> 