Info:  Net Ref:/WORK/SYS_TOP/SO[2] is undriven.
Info:  Net Ref:/WORK/SYS_TOP/SO[1] is undriven.
Info:  Net Ref:/WORK/SYS_TOP/SO[0] is undriven.
Info:  Net Imp:/WORK/ALU_DATA_WIDTH8_DW_div_uns_0/remainder[7] is undriven.
Info:  Net Imp:/WORK/ALU_DATA_WIDTH8_DW_div_uns_0/remainder[6] is undriven.
Info:  Net Imp:/WORK/ALU_DATA_WIDTH8_DW_div_uns_0/remainder[5] is undriven.
Info:  Net Imp:/WORK/ALU_DATA_WIDTH8_DW_div_uns_0/remainder[4] is undriven.
Info:  Net Imp:/WORK/ALU_DATA_WIDTH8_DW_div_uns_0/remainder[3] is undriven.
Info:  Net Imp:/WORK/ALU_DATA_WIDTH8_DW_div_uns_0/remainder[2] is undriven.
Info:  Net Imp:/WORK/ALU_DATA_WIDTH8_DW_div_uns_0/remainder[1] is undriven.
Info:  Net Imp:/WORK/ALU_DATA_WIDTH8_DW_div_uns_0/remainder[0] is undriven.
Info:  Net Imp:/WORK/ALU_DATA_WIDTH8_DW_div_uns_0/divide_by_0 is undriven.
Info:  Net Imp:/WORK/ALU_DATA_WIDTH8_DW01_sub_0/CO is undriven.
Info:  Net Imp:/WORK/ALU_DATA_WIDTH8_DW01_add_0/CO is undriven.
Info:  Net Imp:/WORK/ALU_DATA_WIDTH8_DW01_add_1/CO is undriven.
Info:  guide_uniquify 94 (Line: 702)  Cannot find object "UART_RX_CLK_U0/U14" in design 'SYS_TOP'.
Info:  SVF Operation 94 (Line: 702) - uniquify.  Status: rejected
Info:  guide_uniquify 94 (Line: 702)  Cannot find object "UART_TX_CLK_U0/U14" in design 'SYS_TOP'.
Info:  guide_uniquify 94 (Line: 702)  Cannot find object "U7/U1" in design 'SYS_TOP'.
Info:  guide_uniquify 94 (Line: 702)  Cannot find object "U6/U1" in design 'SYS_TOP'.
Info:  guide_uniquify 94 (Line: 702)  Cannot find object "U5/U1" in design 'SYS_TOP'.
Info:  guide_uniquify 94 (Line: 702)  Cannot find object "U4/U1" in design 'SYS_TOP'.
Info:  guide_uniquify 94 (Line: 702)  Cannot find object "U3/U1" in design 'SYS_TOP'.
Info:  guide_uniquify 94 (Line: 702)  Cannot find object "U2/U1" in design 'SYS_TOP'.
Info:  guide_uniquify 94 (Line: 702)  Cannot find object "U1/U1" in design 'SYS_TOP'.
Info:  guide_uniquify 102 (Line: 757)  Cannot find object "ALU_U0/dp_cluster_0/mult_34" in design 'SYS_TOP'.
Info:  Pre-verification of Ref:/WORK/ALU_DATA_WIDTH8/div_37 SUCCEEDED.
Info:  Pre-verification of Ref:/WORK/ALU_DATA_WIDTH8/mult_34 SUCCEEDED.
