 
****************************************
Report : area
Design : SYS_TOP
Version: K-2015.06
Date   : Fri Oct 10 16:42:59 2025
****************************************

Library(s) Used:

    scmetro_tsmc_cl013g_rvt_ss_1p08v_125c (File: /home/IC/tsmc_fb_cl013g_sc/aci/sc-m/synopsys/scmetro_tsmc_cl013g_rvt_ss_1p08v_125c.db)

Number of ports:                          884
Number of nets:                          2925
Number of cells:                         2003
Number of combinational cells:           1556
Number of sequential cells:               400
Number of macros/black boxes:               0
Number of buf/inv:                        310
Number of references:                      26

Combinational area:              14248.660554
Buf/Inv area:                     1196.703925
Noncombinational area:           12591.867119
Macro/Black Box area:                0.000000
Net Interconnect area:      undefined  (No wire load specified)

Total cell area:                 26840.527673
Total area:                 undefined

Hierarchical area distribution
------------------------------

                                  Global cell area            Local cell area
                                  -------------------  ------------------------------ 
Hierarchical cell                 Absolute    Percent  Combi-      Noncombi-   Black-
                                  Total       Total    national    national    boxes   Design
--------------------------------  ----------  -------  ----------  ----------  ------  ------------------------------------------------------
SYS_TOP                           26840.5277    100.0    112.9632      0.0000  0.0000  SYS_TOP
ALU_U0                             5671.6941     21.1   1023.7290    560.1092  0.0000  ALU_DATA_WIDTH8_test_1
ALU_U0/add_28                       231.8099      0.9    231.8099      0.0000  0.0000  ALU_DATA_WIDTH8_DW01_add_0
ALU_U0/div_37                      1434.3973      5.3   1434.3973      0.0000  0.0000  ALU_DATA_WIDTH8_DW_div_uns_0
ALU_U0/mult_34                     2155.7144      8.0   1914.4909      0.0000  0.0000  ALU_DATA_WIDTH8_DW02_mult_0
ALU_U0/mult_34/FS_1                 241.2235      0.9    241.2235      0.0000  0.0000  ALU_DATA_WIDTH8_DW01_add_1
ALU_U0/sub_31                       265.9342      1.0    265.9342      0.0000  0.0000  ALU_DATA_WIDTH8_DW01_sub_0
ASYNC_FIFO_U0                      4951.5538     18.4     14.1204      0.0000  0.0000  ASYNC_FIFO_DATA_WIDTH8_test_1
ASYNC_FIFO_U0/r2w_DF_SYNC           263.5808      1.0      0.0000    263.5808  0.0000  DF_SYNC_ADDR_WIDTH3_test_0
ASYNC_FIFO_U0/u_FIFO_MEM           3359.4786     12.5   1250.8321   2108.6465  0.0000  FIFO_MEM_CNTRL_DATA_WIDTH8_ADDR_WIDTH3_test_1
ASYNC_FIFO_U0/u_rd                  453.0295      1.7    157.6778    295.3517  0.0000  FIFO_RD_ADDR_WIDTH3_test_1
ASYNC_FIFO_U0/u_rinc_gen             71.7787      0.3      5.8835     65.8952  0.0000  PULSE_GEN_test_0
ASYNC_FIFO_U0/u_winc_gen             71.7787      0.3      5.8835     65.8952  0.0000  PULSE_GEN_test_1
ASYNC_FIFO_U0/u_wr                  454.2062      1.7    157.6778    296.5284  0.0000  FIFO_WR_ADDR_WIDTH3_test_1
ASYNC_FIFO_U0/w2r_DF_SYNC           263.5808      1.0      0.0000    263.5808  0.0000  DF_SYNC_ADDR_WIDTH3_test_1
CLKDIV_MUX_U0                        88.2525      0.3     88.2525      0.0000  0.0000  CLKDIV_MUX_DATA_WIDTH8
CLK_GATE_U0                          21.1806      0.1      0.0000     21.1806  0.0000  CLK_GATE
DATA_SYNC_U0                        480.0936      1.8     84.7224    395.3712  0.0000  DATA_SYNC_BUS_WIDTH8_test_1
PULSE_GEN_U0                         71.7787      0.3      5.8835     65.8952  0.0000  PULSE_GEN_test_2
RST_SYNC_1                           65.8952      0.2      0.0000     65.8952  0.0000  RST_SYNC_test_0
RST_SYNC_2                           65.8952      0.2      0.0000     65.8952  0.0000  RST_SYNC_test_1
Register_File_U0                   7088.4411     26.4   2578.1498   4510.2913  0.0000  Register_File_WIDTH8_ADDR4_test_1
SYS_CTRL_U0                        2119.2367      7.9    971.9542   1147.2825  0.0000  SYS_CTRL_WIDTH8_ADDR4_test_1
U1                                   15.2971      0.1     15.2971      0.0000  0.0000  mux2X1_1
U2                                   11.7670      0.0     11.7670      0.0000  0.0000  mux2X1_4
U3                                   11.7670      0.0     11.7670      0.0000  0.0000  mux2X1_3
U4                                   11.7670      0.0     11.7670      0.0000  0.0000  mux2X1_2
U5                                   11.7670      0.0     11.7670      0.0000  0.0000  mux2X1_0
U6                                   11.7670      0.0     11.7670      0.0000  0.0000  mux2X1_6
U7                                   11.7670      0.0     11.7670      0.0000  0.0000  mux2X1_5
UART_RX_CLK_U0                     1222.5913      4.6    786.0356    329.4760  0.0000  Clock_Divider_test_0
UART_RX_CLK_U0/add_34               107.0797      0.4    107.0797      0.0000  0.0000  Clock_Divider_1_DW01_inc_0
UART_TX_CLK_U0                     1222.5913      4.6    786.0356    329.4760  0.0000  Clock_Divider_test_1
UART_TX_CLK_U0/add_34               107.0797      0.4    107.0797      0.0000  0.0000  Clock_Divider_0_DW01_inc_0
UART_U0                            3572.4613     13.3      7.0602      0.0000  0.0000  UART_IN_width8_DATA_WIDTH8_test_1
UART_U0/UART_RX_U0                 2243.9670      8.4      7.0602      0.0000  0.0000  UART_RX_prescale_width6_DATA_WIDTH8_test_1
UART_U0/UART_RX_U0/UART_RX_FSM_unit
                                    318.8857      1.2    220.0429     98.8428  0.0000  UART_RX_FSM_DATA_WIDTH8_bit_cnt_width4_test_1
UART_U0/UART_RX_U0/data_sampling_unit
                                    565.9927      2.1    438.9091    127.0836  0.0000  data_sampling_prescale_width6_test_1
UART_U0/UART_RX_U0/deserialize_unit
                                    428.3188      1.6    164.7380    263.5808  0.0000  deserializer_DATA_WIDTH8_bit_cnt_width4_test_1
UART_U0/UART_RX_U0/edge_bit_counter_unit
                                    696.6064      2.6    365.9537    330.6527  0.0000  edge_bit_counter_prescale_width6_bit_cnt_width4_test_1
UART_U0/UART_RX_U0/parity_check_unit
                                    143.5574      0.5    110.6098     32.9476  0.0000  parity_check_DATA_WIDTH8_test_1
UART_U0/UART_RX_U0/start_check_unit
                                     38.8311      0.1      5.8835     32.9476  0.0000  start_check_test_1
UART_U0/UART_RX_U0/stop_check_unit
                                     44.7146      0.2     11.7670     32.9476  0.0000  stop_check_test_1
UART_U0/UART_TX_U0                 1321.4341      4.9      7.0602      0.0000  0.0000  UART_TX_IN_width8_test_1
UART_U0/UART_TX_U0/FSM_unit         221.2196      0.8     89.4292    131.7904  0.0000  FSM_test_1
UART_U0/UART_TX_U0/MUX_unit          44.7146      0.2     12.9437     31.7709  0.0000  MUX_test_1
UART_U0/UART_TX_U0/parity_calc_unit
                                    495.3907      1.8    198.8623    296.5284  0.0000  parity_calc_IN_width8_test_1
UART_U0/UART_TX_U0/serializer_unit
                                    553.0490      2.1    190.6254    362.4236  0.0000  serializer_IN_width8_test_1
--------------------------------  ----------  -------  ----------  ----------  ------  ------------------------------------------------------
Total                                                  14248.6606  12591.8671  0.0000

1
