 
****************************************
Report : timing
        -path full
        -delay min
        -max_paths 1
Design : SYS_TOP
Version: K-2015.06
Date   : Fri Oct 10 16:42:59 2025
****************************************

Operating Conditions: scmetro_tsmc_cl013g_rvt_ff_1p32v_m40c   Library: scmetro_tsmc_cl013g_rvt_ff_1p32v_m40c
Wire Load Model Mode: top

  Startpoint: ALU_U0/ALU_OUT_reg[8]
              (rising edge-triggered flip-flop clocked by ALU_CLK)
  Endpoint: ALU_U0/ALU_OUT_reg[9]
            (rising edge-triggered flip-flop clocked by ALU_CLK)
  Path Group: ALU_CLK
  Path Type: min

  Point                                                   Incr       Path
  --------------------------------------------------------------------------
  clock ALU_CLK (rise edge)                               0.00       0.00
  clock network delay (ideal)                             0.00       0.00
  ALU_U0/ALU_OUT_reg[8]/CK (SDFFRQX2M)                    0.00       0.00 r
  ALU_U0/ALU_OUT_reg[8]/Q (SDFFRQX2M)                     0.35       0.35 r
  ALU_U0/ALU_OUT_reg[9]/SI (SDFFRQX2M)                    0.00       0.35 r
  data arrival time                                                  0.35

  clock ALU_CLK (rise edge)                               0.00       0.00
  clock network delay (ideal)                             0.00       0.00
  clock uncertainty                                       0.10       0.10
  ALU_U0/ALU_OUT_reg[9]/CK (SDFFRQX2M)                    0.00       0.10 r
  library hold time                                      -0.18      -0.08
  data required time                                                -0.08
  --------------------------------------------------------------------------
  data required time                                                -0.08
  data arrival time                                                 -0.35
  --------------------------------------------------------------------------
  slack (MET)                                                        0.43


  Startpoint: ASYNC_FIFO_U0/u_rd/rptr_reg[0]
              (rising edge-triggered flip-flop clocked by scan_clk)
  Endpoint: ASYNC_FIFO_U0/r2w_DF_SYNC/reg_sync1_reg[0]
            (rising edge-triggered flip-flop clocked by scan_clk)
  Path Group: scan_clk
  Path Type: min

  Point                                                   Incr       Path
  --------------------------------------------------------------------------
  clock scan_clk (rise edge)                              0.00       0.00
  clock network delay (ideal)                             0.00       0.00
  ASYNC_FIFO_U0/u_rd/rptr_reg[0]/CK (SDFFRQX2M)           0.00       0.00 r
  ASYNC_FIFO_U0/u_rd/rptr_reg[0]/Q (SDFFRQX2M)            0.35       0.35 r
  ASYNC_FIFO_U0/u_rd/rptr[0] (FIFO_RD_ADDR_WIDTH3_test_1)
                                                          0.00       0.35 r
  ASYNC_FIFO_U0/r2w_DF_SYNC/d_in[0] (DF_SYNC_ADDR_WIDTH3_test_0)
                                                          0.00       0.35 r
  ASYNC_FIFO_U0/r2w_DF_SYNC/reg_sync1_reg[0]/D (SDFFRQX2M)
                                                          0.00       0.35 r
  data arrival time                                                  0.35

  clock scan_clk (rise edge)                              0.00       0.00
  clock network delay (ideal)                             0.00       0.00
  clock uncertainty                                       0.10       0.10
  ASYNC_FIFO_U0/r2w_DF_SYNC/reg_sync1_reg[0]/CK (SDFFRQX2M)
                                                          0.00       0.10 r
  library hold time                                      -0.16      -0.06
  data required time                                                -0.06
  --------------------------------------------------------------------------
  data required time                                                -0.06
  data arrival time                                                 -0.35
  --------------------------------------------------------------------------
  slack (MET)                                                        0.42


1
