 
****************************************
Report : area
Design : SYS_TOP
Version: K-2015.06
Date   : Tue Sep 30 17:42:30 2025
****************************************

Library(s) Used:

    scmetro_tsmc_cl013g_rvt_ss_1p08v_125c (File: /home/IC/tsmc_fb_cl013g_sc/aci/sc-m/synopsys/scmetro_tsmc_cl013g_rvt_ss_1p08v_125c.db)

Number of ports:                          766
Number of nets:                          2746
Number of cells:                         1954
Number of combinational cells:           1514
Number of sequential cells:               400
Number of macros/black boxes:               0
Number of buf/inv:                        276
Number of references:                      16

Combinational area:              13996.846750
Buf/Inv area:                     1036.672723
Noncombinational area:            9912.520689
Macro/Black Box area:                0.000000
Net Interconnect area:      undefined  (No wire load specified)

Total cell area:                 23909.367439
Total area:                 undefined

Hierarchical area distribution
------------------------------

                                  Global cell area            Local cell area
                                  -------------------  ----------------------------- 
Hierarchical cell                 Absolute    Percent  Combi-      Noncombi-  Black-
                                  Total       Total    national    national   boxes   Design
--------------------------------  ----------  -------  ----------  ---------  ------  -----------------------------------------------
SYS_TOP                           23909.3674    100.0     32.9476     0.0000  0.0000  SYS_TOP
ALU_U0                             5551.6706     23.2   1023.7290   440.0858  0.0000  ALU_DATA_WIDTH8
ALU_U0/add_28                       231.8099      1.0    231.8099     0.0000  0.0000  ALU_DATA_WIDTH8_DW01_add_0
ALU_U0/div_37                      1434.3973      6.0   1434.3973     0.0000  0.0000  ALU_DATA_WIDTH8_DW_div_uns_0
ALU_U0/mult_34                     2155.7144      9.0   1914.4909     0.0000  0.0000  ALU_DATA_WIDTH8_DW02_mult_0
ALU_U0/mult_34/FS_1                 241.2235      1.0    241.2235     0.0000  0.0000  ALU_DATA_WIDTH8_DW01_add_1
ALU_U0/sub_31                       265.9342      1.1    265.9342     0.0000  0.0000  ALU_DATA_WIDTH8_DW01_sub_0
ASYNC_FIFO_U0                      4205.5258     17.6     14.1204     0.0000  0.0000  ASYNC_FIFO_DATA_WIDTH8
ASYNC_FIFO_U0/r2w_DF_SYNC           207.0992      0.9      0.0000   207.0992  0.0000  DF_SYNC_ADDR_WIDTH3_0
ASYNC_FIFO_U0/u_FIFO_MEM           2880.5616     12.0   1223.7680  1656.7936  0.0000  FIFO_MEM_CNTRL_DATA_WIDTH8_ADDR_WIDTH3
ASYNC_FIFO_U0/u_rd                  390.6644      1.6    157.6778   232.9866  0.0000  FIFO_RD_ADDR_WIDTH3
ASYNC_FIFO_U0/u_rinc_gen             57.6583      0.2      5.8835    51.7748  0.0000  PULSE_GEN_1
ASYNC_FIFO_U0/u_winc_gen             57.6583      0.2      5.8835    51.7748  0.0000  PULSE_GEN_2
ASYNC_FIFO_U0/u_wr                  390.6644      1.6    157.6778   232.9866  0.0000  FIFO_WR_ADDR_WIDTH3
ASYNC_FIFO_U0/w2r_DF_SYNC           207.0992      0.9      0.0000   207.0992  0.0000  DF_SYNC_ADDR_WIDTH3_1
CLKDIV_MUX_U0                        88.2525      0.4     88.2525     0.0000  0.0000  CLKDIV_MUX_DATA_WIDTH8
CLK_GATE_U0                          21.1806      0.1      0.0000    21.1806  0.0000  CLK_GATE
DATA_SYNC_U0                        395.3712      1.7     84.7224   310.6488  0.0000  DATA_SYNC_BUS_WIDTH8
PULSE_GEN_U0                         57.6583      0.2      5.8835    51.7748  0.0000  PULSE_GEN_0
RST_SYNC_1                           51.7748      0.2      0.0000    51.7748  0.0000  RST_SYNC_0
RST_SYNC_2                           51.7748      0.2      0.0000    51.7748  0.0000  RST_SYNC_1
Register_File_U0                   6087.0691     25.5   2540.4954  3546.5738  0.0000  Register_File_WIDTH8_ADDR4
SYS_CTRL_U0                        1872.1297      7.8    964.8940   907.2357  0.0000  SYS_CTRL_WIDTH8_ADDR4
UART_RX_CLK_U0                     1151.9893      4.8    786.0356   258.8740  0.0000  Clock_Divider_1
UART_RX_CLK_U0/add_34               107.0797      0.4    107.0797     0.0000  0.0000  Clock_Divider_1_DW01_inc_0
UART_TX_CLK_U0                     1151.9893      4.8    786.0356   258.8740  0.0000  Clock_Divider_0
UART_TX_CLK_U0/add_34               107.0797      0.4    107.0797     0.0000  0.0000  Clock_Divider_0_DW01_inc_0
UART_U0                            3190.0337     13.3      7.0602     0.0000  0.0000  UART_IN_width8_DATA_WIDTH8
UART_U0/UART_RX_U0                 2043.9279      8.5      7.0602     0.0000  0.0000  UART_RX_prescale_width6_DATA_WIDTH8
UART_U0/UART_RX_U0/UART_RX_FSM_unit
                                    297.7051      1.2    220.0429    77.6622  0.0000  UART_RX_FSM_DATA_WIDTH8_bit_cnt_width4
UART_U0/UART_RX_U0/data_sampling_unit
                                    542.4587      2.3    438.9091   103.5496  0.0000  data_sampling_prescale_width6
UART_U0/UART_RX_U0/deserialize_unit
                                    371.8372      1.6    164.7380   207.0992  0.0000  deserializer_DATA_WIDTH8_bit_cnt_width4
UART_U0/UART_RX_U0/edge_bit_counter_unit
                                    618.9442      2.6    358.8935   260.0507  0.0000  edge_bit_counter_prescale_width6_bit_cnt_width4
UART_U0/UART_RX_U0/parity_check_unit
                                    136.4972      0.6    110.6098    25.8874  0.0000  parity_check_DATA_WIDTH8
UART_U0/UART_RX_U0/start_check_unit
                                     31.7709      0.1      5.8835    25.8874  0.0000  start_check
UART_U0/UART_RX_U0/stop_check_unit
                                     37.6544      0.2     11.7670    25.8874  0.0000  stop_check
UART_U0/UART_TX_U0                 1139.0456      4.8      7.0602     0.0000  0.0000  UART_TX_IN_width8
UART_U0/UART_TX_U0/FSM_unit         192.9788      0.8     89.4292   103.5496  0.0000  FSM
UART_U0/UART_TX_U0/MUX_unit          38.8311      0.2     12.9437    25.8874  0.0000  MUX
UART_U0/UART_TX_U0/parity_calc_unit
                                    431.8489      1.8    198.8623   232.9866  0.0000  parity_calc_IN_width8
UART_U0/UART_TX_U0/serializer_unit
                                    468.3266      2.0    183.5652   284.7614  0.0000  serializer_IN_width8
--------------------------------  ----------  -------  ----------  ---------  ------  -----------------------------------------------
Total                                                  13996.8468  9912.5207  0.0000

1
