 
****************************************
Report : clocks
Design : SYS_TOP
Version: K-2015.06
Date   : Tue Sep 30 17:42:31 2025
****************************************

Attributes:
    d - dont_touch_network
    f - fix_hold
    p - propagated_clock
    G - generated_clock
    g - lib_generated_clock

Clock          Period   Waveform            Attrs     Sources
--------------------------------------------------------------------------------
ALU_CLK         20.00   {0 10}              G d       {CLK_GATE_U0/GATED_CLK}
REF_CLK         20.00   {0 10}              d         {REF_CLK}
RX_CLK         271.29   {0 135.645}         G d       {UART_RX_CLK_U0/o_div_clk}
TX_CLK        8681.28   {0 4340.64}         G d       {UART_TX_CLK_U0/o_div_clk}
UART_CLK       271.29   {0 135.645}         d         {UART_CLK}
--------------------------------------------------------------------------------

Generated     Master         Generated      Master         Waveform
Clock         Source         Source         Clock          Modification
--------------------------------------------------------------------------------
ALU_CLK       REF_CLK        {CLK_GATE_U0/GATED_CLK}
                                            REF_CLK        divide_by(1)
RX_CLK        UART_CLK       {UART_RX_CLK_U0/o_div_clk}
                                            UART_CLK       divide_by(1)
TX_CLK        UART_CLK       {UART_TX_CLK_U0/o_div_clk}
                                            UART_CLK       divide_by(32)
--------------------------------------------------------------------------------
1
