 
****************************************
Report : timing
        -path full
        -delay min
        -max_paths 1
Design : SYS_TOP
Version: K-2015.06
Date   : Tue Sep 30 17:42:31 2025
****************************************

Operating Conditions: scmetro_tsmc_cl013g_rvt_ff_1p32v_m40c   Library: scmetro_tsmc_cl013g_rvt_ff_1p32v_m40c
Wire Load Model Mode: top

  Startpoint: SYS_CTRL_U0/store_frames_reg[0][7]
              (rising edge-triggered flip-flop clocked by REF_CLK)
  Endpoint: ALU_U0/OUT_VALID_reg
            (rising edge-triggered flip-flop clocked by ALU_CLK)
  Path Group: ALU_CLK
  Path Type: min

  Point                                                   Incr       Path
  --------------------------------------------------------------------------
  clock REF_CLK (rise edge)                               0.00       0.00
  clock network delay (ideal)                             0.00       0.00
  SYS_CTRL_U0/store_frames_reg[0][7]/CK (DFFRX1M)         0.00       0.00 r
  SYS_CTRL_U0/store_frames_reg[0][7]/QN (DFFRX1M)         0.36       0.36 r
  SYS_CTRL_U0/U82/Y (NOR2X2M)                             0.08       0.44 f
  SYS_CTRL_U0/U31/Y (AND2X2M)                             0.19       0.63 f
  SYS_CTRL_U0/U18/Y (NAND2X2M)                            0.09       0.72 r
  SYS_CTRL_U0/U166/Y (INVX2M)                             0.06       0.78 f
  SYS_CTRL_U0/EN (SYS_CTRL_WIDTH8_ADDR4)                  0.00       0.78 f
  ALU_U0/EN (ALU_DATA_WIDTH8)                             0.00       0.78 f
  ALU_U0/OUT_VALID_reg/D (DFFRQX2M)                       0.00       0.78 f
  data arrival time                                                  0.78

  clock ALU_CLK (rise edge)                               0.00       0.00
  clock network delay (ideal)                             0.00       0.00
  clock uncertainty                                       0.10       0.10
  ALU_U0/OUT_VALID_reg/CK (DFFRQX2M)                      0.00       0.10 r
  library hold time                                      -0.03       0.07
  data required time                                                 0.07
  --------------------------------------------------------------------------
  data required time                                                 0.07
  data arrival time                                                 -0.78
  --------------------------------------------------------------------------
  slack (MET)                                                        0.71


  Startpoint: SYS_CTRL_U0/store_frames_reg[2][0]
              (rising edge-triggered flip-flop clocked by REF_CLK)
  Endpoint: SYS_CTRL_U0/store_frames_reg[2][0]
            (rising edge-triggered flip-flop clocked by REF_CLK)
  Path Group: REF_CLK
  Path Type: min

  Point                                                   Incr       Path
  --------------------------------------------------------------------------
  clock REF_CLK (rise edge)                               0.00       0.00
  clock network delay (ideal)                             0.00       0.00
  SYS_CTRL_U0/store_frames_reg[2][0]/CK (DFFRX1M)         0.00       0.00 r
  SYS_CTRL_U0/store_frames_reg[2][0]/QN (DFFRX1M)         0.35       0.35 r
  SYS_CTRL_U0/U132/Y (OAI22X1M)                           0.09       0.44 f
  SYS_CTRL_U0/store_frames_reg[2][0]/D (DFFRX1M)          0.00       0.44 f
  data arrival time                                                  0.44

  clock REF_CLK (rise edge)                               0.00       0.00
  clock network delay (ideal)                             0.00       0.00
  clock uncertainty                                       0.10       0.10
  SYS_CTRL_U0/store_frames_reg[2][0]/CK (DFFRX1M)         0.00       0.10 r
  library hold time                                      -0.01       0.09
  data required time                                                 0.09
  --------------------------------------------------------------------------
  data required time                                                 0.09
  data arrival time                                                 -0.44
  --------------------------------------------------------------------------
  slack (MET)                                                        0.35


  Startpoint: UART_U0/UART_RX_U0/edge_bit_counter_unit/bit_cnt_reg[2]
              (rising edge-triggered flip-flop clocked by RX_CLK)
  Endpoint: UART_U0/UART_RX_U0/edge_bit_counter_unit/bit_cnt_reg[2]
            (rising edge-triggered flip-flop clocked by RX_CLK)
  Path Group: RX_CLK
  Path Type: min

  Point                                                   Incr       Path
  --------------------------------------------------------------------------
  clock RX_CLK (rise edge)                                0.00       0.00
  clock network delay (ideal)                             0.00       0.00
  UART_U0/UART_RX_U0/edge_bit_counter_unit/bit_cnt_reg[2]/CK (DFFRX1M)
                                                          0.00       0.00 r
  UART_U0/UART_RX_U0/edge_bit_counter_unit/bit_cnt_reg[2]/QN (DFFRX1M)
                                                          0.38       0.38 r
  UART_U0/UART_RX_U0/edge_bit_counter_unit/U11/Y (OAI32X1M)
                                                          0.08       0.46 f
  UART_U0/UART_RX_U0/edge_bit_counter_unit/bit_cnt_reg[2]/D (DFFRX1M)
                                                          0.00       0.46 f
  data arrival time                                                  0.46

  clock RX_CLK (rise edge)                                0.00       0.00
  clock network delay (ideal)                             0.00       0.00
  clock uncertainty                                       0.10       0.10
  UART_U0/UART_RX_U0/edge_bit_counter_unit/bit_cnt_reg[2]/CK (DFFRX1M)
                                                          0.00       0.10 r
  library hold time                                      -0.02       0.08
  data required time                                                 0.08
  --------------------------------------------------------------------------
  data required time                                                 0.08
  data arrival time                                                 -0.46
  --------------------------------------------------------------------------
  slack (MET)                                                        0.38


  Startpoint: PULSE_GEN_U0/d2_reg
              (rising edge-triggered flip-flop clocked by TX_CLK)
  Endpoint: ASYNC_FIFO_U0/u_rinc_gen/d1_reg
            (rising edge-triggered flip-flop clocked by TX_CLK)
  Path Group: TX_CLK
  Path Type: min

  Point                                                   Incr       Path
  --------------------------------------------------------------------------
  clock TX_CLK (rise edge)                                0.00       0.00
  clock network delay (ideal)                             0.00       0.00
  PULSE_GEN_U0/d2_reg/CK (DFFRQX2M)                       0.00       0.00 r
  PULSE_GEN_U0/d2_reg/Q (DFFRQX2M)                        0.36       0.36 r
  PULSE_GEN_U0/U3/Y (NOR2BX2M)                            0.04       0.40 f
  PULSE_GEN_U0/out_pulse (PULSE_GEN_0)                    0.00       0.40 f
  ASYNC_FIFO_U0/R_INC (ASYNC_FIFO_DATA_WIDTH8)            0.00       0.40 f
  ASYNC_FIFO_U0/u_rinc_gen/in_level (PULSE_GEN_1)         0.00       0.40 f
  ASYNC_FIFO_U0/u_rinc_gen/d1_reg/D (DFFRQX2M)            0.00       0.40 f
  data arrival time                                                  0.40

  clock TX_CLK (rise edge)                                0.00       0.00
  clock network delay (ideal)                             0.00       0.00
  clock uncertainty                                       0.10       0.10
  ASYNC_FIFO_U0/u_rinc_gen/d1_reg/CK (DFFRQX2M)           0.00       0.10 r
  library hold time                                      -0.02       0.08
  data required time                                                 0.08
  --------------------------------------------------------------------------
  data required time                                                 0.08
  data arrival time                                                 -0.40
  --------------------------------------------------------------------------
  slack (MET)                                                        0.33


  Startpoint: RST_SYNC_2/reg_sync_reg[0]/CK
              (internal path startpoint clocked by UART_CLK)
  Endpoint: RST_SYNC_2/reg_sync_reg[1]
            (rising edge-triggered flip-flop clocked by UART_CLK)
  Path Group: UART_CLK
  Path Type: min

  Point                                                   Incr       Path
  --------------------------------------------------------------------------
  clock UART_CLK (rise edge)                              0.00       0.00
  clock network delay (ideal)                             0.00       0.00
  input external delay                                    0.00       0.00 r
  RST_SYNC_2/reg_sync_reg[0]/CK (DFFRQX2M)                0.00       0.00 r
  RST_SYNC_2/reg_sync_reg[0]/Q (DFFRQX2M)                 0.46       0.46 f
  RST_SYNC_2/reg_sync_reg[1]/D (DFFRQX2M)                 0.00       0.46 f
  data arrival time                                                  0.46

  clock UART_CLK (rise edge)                              0.00       0.00
  clock network delay (ideal)                             0.00       0.00
  clock uncertainty                                       0.10       0.10
  RST_SYNC_2/reg_sync_reg[1]/CK (DFFRQX2M)                0.00       0.10 r
  library hold time                                      -0.02       0.08
  data required time                                                 0.08
  --------------------------------------------------------------------------
  data required time                                                 0.08
  data arrival time                                                 -0.46
  --------------------------------------------------------------------------
  slack (MET)                                                        0.38


1
