Loading db file '/home/IC/tsmc_fb_cl013g_sc/aci/sc-m/synopsys/scmetro_tsmc_cl013g_rvt_ss_1p08v_125c.db'
Information: Propagating switching activity (low effort zero delay simulation). (PWR-6)
Warning: Design has unannotated primary inputs. (PWR-414)
Warning: Design has unannotated sequential cell outputs. (PWR-415)
 
****************************************
Report : power
        -hier
        -analysis_effort low
Design : SYS_TOP
Version: K-2015.06
Date   : Tue Sep 30 17:42:31 2025
****************************************


Library(s) Used:

    scmetro_tsmc_cl013g_rvt_ss_1p08v_125c (File: /home/IC/tsmc_fb_cl013g_sc/aci/sc-m/synopsys/scmetro_tsmc_cl013g_rvt_ss_1p08v_125c.db)


Operating Conditions: scmetro_tsmc_cl013g_rvt_ss_1p08v_125c   Library: scmetro_tsmc_cl013g_rvt_ss_1p08v_125c
Wire Load Model Mode: top


Global Operating Voltage = 1.08 
Power-specific unit information :
    Voltage Units = 1V
    Capacitance Units = 1.000000pf
    Time Units = 1ns
    Dynamic Power Units = 1mW    (derived from V,C,T units)
    Leakage Power Units = 1pW


--------------------------------------------------------------------------------
                                       Switch   Int      Leak     Total
Hierarchy                              Power    Power    Power    Power    %
--------------------------------------------------------------------------------
SYS_TOP                                6.54e-03    0.215 1.42e+07    0.236 100.0
  PULSE_GEN_U0 (PULSE_GEN_0)              0.000 9.97e-06 2.32e+04 3.32e-05   0.0
  ASYNC_FIFO_U0 (ASYNC_FIFO_DATA_WIDTH8)
                                       1.32e-03 6.04e-02 2.20e+06 6.39e-02  27.1
    u_FIFO_MEM (FIFO_MEM_CNTRL_DATA_WIDTH8_ADDR_WIDTH3)
                                       9.11e-04 4.65e-02 1.52e+06 4.89e-02  20.7
    w2r_DF_SYNC (DF_SYNC_ADDR_WIDTH3_1)
                                          0.000 3.99e-05 7.48e+04 1.15e-04   0.0
    r2w_DF_SYNC (DF_SYNC_ADDR_WIDTH3_0)
                                          0.000 5.79e-03 8.23e+04 5.87e-03   2.5
    u_rd (FIFO_RD_ADDR_WIDTH3)            0.000 4.46e-05 2.36e+05 2.81e-04   0.1
    u_wr (FIFO_WR_ADDR_WIDTH3)            0.000 6.51e-03 2.35e+05 6.75e-03   2.9
    u_rinc_gen (PULSE_GEN_1)              0.000 9.97e-06 2.32e+04 3.32e-05   0.0
    u_winc_gen (PULSE_GEN_2)              0.000 1.45e-03 2.51e+04 1.47e-03   0.6
  ALU_U0 (ALU_DATA_WIDTH8)                0.000 1.24e-02 4.20e+06 1.66e-02   7.0
    mult_34 (ALU_DATA_WIDTH8_DW02_mult_0)
                                          0.000    0.000 1.65e+06 1.65e-03   0.7
    add_28 (ALU_DATA_WIDTH8_DW01_add_0)
                                          0.000    0.000 2.05e+05 2.05e-04   0.1
    sub_31 (ALU_DATA_WIDTH8_DW01_sub_0)
                                          0.000    0.000 2.48e+05 2.48e-04   0.1
    div_37 (ALU_DATA_WIDTH8_DW_div_uns_0)
                                          0.000    0.000 1.24e+06 1.24e-03   0.5
  CLK_GATE_U0 (CLK_GATE)               1.51e-03 2.05e-03 1.48e+04 3.57e-03   1.5
  Register_File_U0 (Register_File_WIDTH8_ADDR4)
                                       1.93e-03 9.96e-02 3.16e+06    0.105  44.4
  SYS_CTRL_U0 (SYS_CTRL_WIDTH8_ADDR4)     0.000 2.62e-02 8.48e+05 2.70e-02  11.5
  DATA_SYNC_U0 (DATA_SYNC_BUS_WIDTH8)     0.000 8.68e-03 1.72e+05 8.85e-03   3.8
  RST_SYNC_2 (RST_SYNC_1)              6.44e-06 2.36e-04 2.40e+04 2.67e-04   0.1
  RST_SYNC_1 (RST_SYNC_0)              1.30e-05 2.25e-03 2.53e+04 2.29e-03   1.0
  UART_RX_CLK_U0 (Clock_Divider_1)     1.99e-04 6.33e-04 8.24e+05 1.66e-03   0.7
    add_34 (Clock_Divider_1_DW01_inc_0)
                                          0.000    0.000 9.76e+04 9.76e-05   0.0
  UART_TX_CLK_U0 (Clock_Divider_0)     6.92e-05 7.61e-04 8.13e+05 1.64e-03   0.7
    add_34 (Clock_Divider_0_DW01_inc_0)
                                       6.09e-06 1.82e-05 9.71e+04 1.21e-04   0.1
  CLKDIV_MUX_U0 (CLKDIV_MUX_DATA_WIDTH8)
                                          0.000    0.000 4.49e+04 4.49e-05   0.0
  UART_U0 (UART_IN_width8_DATA_WIDTH8) 4.41e-04 1.95e-03 1.83e+06 4.22e-03   1.8
    UART_RX_U0 (UART_RX_prescale_width6_DATA_WIDTH8)
                                       2.54e-04 1.79e-03 1.22e+06 3.26e-03   1.4
      UART_RX_FSM_unit (UART_RX_FSM_DATA_WIDTH8_bit_cnt_width4)
                                       3.93e-05 3.11e-04 1.64e+05 5.14e-04   0.2
      start_check_unit (start_check)      0.000 5.66e-05 1.36e+04 7.02e-05   0.0
      stop_check_unit (stop_check)        0.000 5.66e-05 1.69e+04 7.35e-05   0.0
      parity_check_unit (parity_check_DATA_WIDTH8)
                                          0.000 5.66e-05 1.20e+05 1.76e-04   0.1
      deserialize_unit (deserializer_DATA_WIDTH8_bit_cnt_width4)
                                          0.000 4.52e-04 1.74e+05 6.27e-04   0.3
      edge_bit_counter_unit (edge_bit_counter_prescale_width6_bit_cnt_width4)
                                       2.24e-05 6.02e-04 3.55e+05 9.79e-04   0.4
      data_sampling_unit (data_sampling_prescale_width6)
                                       1.14e-05 2.46e-04 3.67e+05 6.25e-04   0.3
    UART_TX_U0 (UART_TX_IN_width8)     1.73e-04 1.37e-04 6.09e+05 9.18e-04   0.4
      MUX_unit (MUX)                      0.000 4.75e-06 1.98e+04 2.46e-05   0.0
      FSM_unit (FSM)                      0.000 1.99e-05 1.01e+05 1.21e-04   0.1
      parity_calc_unit (parity_calc_IN_width8)
                                          0.000 4.49e-05 2.59e+05 3.04e-04   0.1
      serializer_unit (serializer_IN_width8)
                                          0.000 5.48e-05 2.23e+05 2.78e-04   0.1
1
