 
****************************************
Report : timing
        -path full
        -delay max
        -max_paths 1
Design : SYS_TOP
Version: K-2015.06
Date   : Tue Sep 30 17:42:31 2025
****************************************

Operating Conditions: scmetro_tsmc_cl013g_rvt_ss_1p08v_125c   Library: scmetro_tsmc_cl013g_rvt_ss_1p08v_125c
Wire Load Model Mode: top

  Startpoint: Register_File_U0/REG_reg[1][6]
              (rising edge-triggered flip-flop clocked by REF_CLK)
  Endpoint: ALU_U0/ALU_OUT_reg[0]
            (rising edge-triggered flip-flop clocked by ALU_CLK)
  Path Group: ALU_CLK
  Path Type: max

  Point                                                   Incr       Path
  --------------------------------------------------------------------------
  clock REF_CLK (rise edge)                               0.00       0.00
  clock network delay (ideal)                             0.00       0.00
  Register_File_U0/REG_reg[1][6]/CK (DFFRQX2M)            0.00       0.00 r
  Register_File_U0/REG_reg[1][6]/Q (DFFRQX2M)             0.48       0.48 f
  Register_File_U0/REG1[6] (Register_File_WIDTH8_ADDR4)
                                                          0.00       0.48 f
  ALU_U0/B[6] (ALU_DATA_WIDTH8)                           0.00       0.48 f
  ALU_U0/U90/Y (BUFX2M)                                   0.21       0.70 f
  ALU_U0/div_37/b[6] (ALU_DATA_WIDTH8_DW_div_uns_0)       0.00       0.70 f
  ALU_U0/div_37/U70/Y (NOR2X1M)                           0.16       0.86 r
  ALU_U0/div_37/U67/Y (AND3X1M)                           0.20       1.06 r
  ALU_U0/div_37/U65/Y (AND2X1M)                           0.16       1.22 r
  ALU_U0/div_37/U62/Y (AND4X1M)                           0.25       1.47 r
  ALU_U0/div_37/U40/Y (CLKMX2X2M)                         0.24       1.72 f
  ALU_U0/div_37/u_div/u_fa_PartRem_0_6_1/CO (ADDFX2M)     0.44       2.15 f
  ALU_U0/div_37/U63/Y (AND3X1M)                           0.32       2.47 f
  ALU_U0/div_37/U46/Y (CLKMX2X2M)                         0.24       2.71 r
  ALU_U0/div_37/u_div/u_fa_PartRem_0_5_1/CO (ADDFX2M)     0.49       3.20 r
  ALU_U0/div_37/u_div/u_fa_PartRem_0_5_2/CO (ADDFX2M)     0.24       3.43 r
  ALU_U0/div_37/U64/Y (AND2X1M)                           0.24       3.68 r
  ALU_U0/div_37/U51/Y (CLKMX2X2M)                         0.27       3.94 f
  ALU_U0/div_37/u_div/u_fa_PartRem_0_4_1/CO (ADDFX2M)     0.46       4.40 f
  ALU_U0/div_37/u_div/u_fa_PartRem_0_4_2/CO (ADDFX2M)     0.33       4.73 f
  ALU_U0/div_37/u_div/u_fa_PartRem_0_4_3/CO (ADDFX2M)     0.31       5.04 f
  ALU_U0/div_37/U66/Y (AND2X1M)                           0.28       5.31 f
  ALU_U0/div_37/U55/Y (CLKMX2X2M)                         0.24       5.55 f
  ALU_U0/div_37/u_div/u_fa_PartRem_0_3_1/CO (ADDFX2M)     0.46       6.01 f
  ALU_U0/div_37/u_div/u_fa_PartRem_0_3_2/CO (ADDFX2M)     0.33       6.33 f
  ALU_U0/div_37/u_div/u_fa_PartRem_0_3_3/CO (ADDFX2M)     0.33       6.66 f
  ALU_U0/div_37/u_div/u_fa_PartRem_0_3_4/CO (ADDFX2M)     0.31       6.97 f
  ALU_U0/div_37/U68/Y (AND3X1M)                           0.39       7.36 f
  ALU_U0/div_37/U58/Y (CLKMX2X2M)                         0.25       7.61 f
  ALU_U0/div_37/u_div/u_fa_PartRem_0_2_1/CO (ADDFX2M)     0.46       8.06 f
  ALU_U0/div_37/u_div/u_fa_PartRem_0_2_2/CO (ADDFX2M)     0.33       8.39 f
  ALU_U0/div_37/u_div/u_fa_PartRem_0_2_3/CO (ADDFX2M)     0.33       8.72 f
  ALU_U0/div_37/u_div/u_fa_PartRem_0_2_4/CO (ADDFX2M)     0.33       9.05 f
  ALU_U0/div_37/u_div/u_fa_PartRem_0_2_5/CO (ADDFX2M)     0.31       9.36 f
  ALU_U0/div_37/U69/Y (AND2X1M)                           0.32       9.68 f
  ALU_U0/div_37/U60/Y (CLKMX2X2M)                         0.25       9.93 f
  ALU_U0/div_37/u_div/u_fa_PartRem_0_1_1/CO (ADDFX2M)     0.46      10.39 f
  ALU_U0/div_37/u_div/u_fa_PartRem_0_1_2/CO (ADDFX2M)     0.33      10.71 f
  ALU_U0/div_37/u_div/u_fa_PartRem_0_1_3/CO (ADDFX2M)     0.33      11.04 f
  ALU_U0/div_37/u_div/u_fa_PartRem_0_1_4/CO (ADDFX2M)     0.33      11.37 f
  ALU_U0/div_37/u_div/u_fa_PartRem_0_1_5/CO (ADDFX2M)     0.33      11.70 f
  ALU_U0/div_37/u_div/u_fa_PartRem_0_1_6/CO (ADDFX2M)     0.31      12.01 f
  ALU_U0/div_37/U71/Y (AND2X1M)                           0.34      12.35 f
  ALU_U0/div_37/U61/Y (CLKMX2X2M)                         0.24      12.59 f
  ALU_U0/div_37/u_div/u_fa_PartRem_0_0_1/CO (ADDFX2M)     0.45      13.04 f
  ALU_U0/div_37/u_div/u_fa_PartRem_0_0_2/CO (ADDFX2M)     0.33      13.37 f
  ALU_U0/div_37/u_div/u_fa_PartRem_0_0_3/CO (ADDFX2M)     0.33      13.70 f
  ALU_U0/div_37/u_div/u_fa_PartRem_0_0_4/CO (ADDFX2M)     0.33      14.02 f
  ALU_U0/div_37/u_div/u_fa_PartRem_0_0_5/CO (ADDFX2M)     0.33      14.35 f
  ALU_U0/div_37/u_div/u_fa_PartRem_0_0_6/CO (ADDFX2M)     0.33      14.68 f
  ALU_U0/div_37/u_div/u_fa_PartRem_0_0_7/CO (ADDFX2M)     0.32      15.00 f
  ALU_U0/div_37/quotient[0] (ALU_DATA_WIDTH8_DW_div_uns_0)
                                                          0.00      15.00 f
  ALU_U0/U31/Y (AOI222X1M)                                0.41      15.41 r
  ALU_U0/U28/Y (AOI31X2M)                                 0.14      15.55 f
  ALU_U0/ALU_OUT_reg[0]/D (DFFRQX2M)                      0.00      15.55 f
  data arrival time                                                 15.55

  clock ALU_CLK (rise edge)                              20.00      20.00
  clock network delay (ideal)                             0.00      20.00
  clock uncertainty                                      -0.20      19.80
  ALU_U0/ALU_OUT_reg[0]/CK (DFFRQX2M)                     0.00      19.80 r
  library setup time                                     -0.17      19.63
  data required time                                                19.63
  --------------------------------------------------------------------------
  data required time                                                19.63
  data arrival time                                                -15.55
  --------------------------------------------------------------------------
  slack (MET)                                                        4.08


  Startpoint: SYS_CTRL_U0/current_state_reg[1]
              (rising edge-triggered flip-flop clocked by REF_CLK)
  Endpoint: Register_File_U0/RdData_reg[0]
            (rising edge-triggered flip-flop clocked by REF_CLK)
  Path Group: REF_CLK
  Path Type: max

  Point                                                   Incr       Path
  --------------------------------------------------------------------------
  clock REF_CLK (rise edge)                               0.00       0.00
  clock network delay (ideal)                             0.00       0.00
  SYS_CTRL_U0/current_state_reg[1]/CK (DFFRQX2M)          0.00       0.00 r
  SYS_CTRL_U0/current_state_reg[1]/Q (DFFRQX2M)           0.43       0.43 r
  SYS_CTRL_U0/U84/Y (INVX2M)                              0.10       0.53 f
  SYS_CTRL_U0/U7/Y (NOR3X2M)                              0.41       0.94 r
  SYS_CTRL_U0/U31/Y (AND2X2M)                             0.27       1.21 r
  SYS_CTRL_U0/U13/Y (NAND2X2M)                            0.11       1.32 f
  SYS_CTRL_U0/U22/Y (AOI21BX2M)                           0.22       1.54 f
  SYS_CTRL_U0/U90/Y (OAI21X2M)                            0.14       1.68 r
  SYS_CTRL_U0/address[0] (SYS_CTRL_WIDTH8_ADDR4)          0.00       1.68 r
  U4/Y (BUFX2M)                                           0.36       2.04 r
  Register_File_U0/address[0] (Register_File_WIDTH8_ADDR4)
                                                          0.00       2.04 r
  Register_File_U0/U238/Y (INVX2M)                        0.10       2.14 f
  Register_File_U0/U11/Y (BUFX2M)                         0.16       2.31 f
  Register_File_U0/U10/Y (INVX2M)                         0.77       3.08 r
  Register_File_U0/U214/Y (MX4X1M)                        0.49       3.57 f
  Register_File_U0/U222/Y (MX4X1M)                        0.34       3.91 f
  Register_File_U0/U221/Y (AO22X1M)                       0.32       4.23 f
  Register_File_U0/RdData_reg[0]/D (DFFRQX2M)             0.00       4.23 f
  data arrival time                                                  4.23

  clock REF_CLK (rise edge)                              20.00      20.00
  clock network delay (ideal)                             0.00      20.00
  clock uncertainty                                      -0.20      19.80
  Register_File_U0/RdData_reg[0]/CK (DFFRQX2M)            0.00      19.80 r
  library setup time                                     -0.15      19.65
  data required time                                                19.65
  --------------------------------------------------------------------------
  data required time                                                19.65
  data arrival time                                                 -4.23
  --------------------------------------------------------------------------
  slack (MET)                                                       15.41


  Startpoint: UART_U0/UART_RX_U0/stop_check_unit/stp_err_reg
              (rising edge-triggered flip-flop clocked by RX_CLK)
  Endpoint: framing_error
            (output port clocked by RX_CLK)
  Path Group: RX_CLK
  Path Type: max

  Point                                                   Incr       Path
  --------------------------------------------------------------------------
  clock RX_CLK (rise edge)                                0.00       0.00
  clock network delay (ideal)                             0.00       0.00
  UART_U0/UART_RX_U0/stop_check_unit/stp_err_reg/CK (DFFRQX2M)
                                                          0.00       0.00 r
  UART_U0/UART_RX_U0/stop_check_unit/stp_err_reg/Q (DFFRQX2M)
                                                          0.89       0.89 r
  UART_U0/UART_RX_U0/stop_check_unit/stp_err (stop_check)
                                                          0.00       0.89 r
  UART_U0/UART_RX_U0/stp_err (UART_RX_prescale_width6_DATA_WIDTH8)
                                                          0.00       0.89 r
  UART_U0/stp_err (UART_IN_width8_DATA_WIDTH8)            0.00       0.89 r
  framing_error (out)                                     0.00       0.89 r
  data arrival time                                                  0.89

  clock RX_CLK (rise edge)                              271.29     271.29
  clock network delay (ideal)                             0.00     271.29
  clock uncertainty                                      -0.20     271.09
  output external delay                                 -54.26     216.83
  data required time                                               216.83
  --------------------------------------------------------------------------
  data required time                                               216.83
  data arrival time                                                 -0.89
  --------------------------------------------------------------------------
  slack (MET)                                                      215.94


  Startpoint: UART_U0/UART_TX_U0/MUX_unit/TX_OUT_reg
              (rising edge-triggered flip-flop clocked by TX_CLK)
  Endpoint: UART_TX_O (output port clocked by TX_CLK)
  Path Group: TX_CLK
  Path Type: max

  Point                                                   Incr       Path
  --------------------------------------------------------------------------
  clock TX_CLK (rise edge)                                0.00       0.00
  clock network delay (ideal)                             0.00       0.00
  UART_U0/UART_TX_U0/MUX_unit/TX_OUT_reg/CK (DFFSQX2M)
                                                          0.00       0.00 r
  UART_U0/UART_TX_U0/MUX_unit/TX_OUT_reg/Q (DFFSQX2M)     0.89       0.89 r
  UART_U0/UART_TX_U0/MUX_unit/TX_OUT (MUX)                0.00       0.89 r
  UART_U0/UART_TX_U0/TX_OUT (UART_TX_IN_width8)           0.00       0.89 r
  UART_U0/TX_OUT_S (UART_IN_width8_DATA_WIDTH8)           0.00       0.89 r
  UART_TX_O (out)                                         0.00       0.89 r
  data arrival time                                                  0.89

  clock TX_CLK (rise edge)                             8681.28    8681.28
  clock network delay (ideal)                             0.00    8681.28
  clock uncertainty                                      -0.20    8681.08
  output external delay                                 -54.26    8626.82
  data required time                                              8626.82
  --------------------------------------------------------------------------
  data required time                                              8626.82
  data arrival time                                                 -0.89
  --------------------------------------------------------------------------
  slack (MET)                                                     8625.93


  Startpoint: UART_RX_CLK_U0/counter_reg[0]
              (rising edge-triggered flip-flop clocked by UART_CLK)
  Endpoint: UART_RX_CLK_U0/counter_reg[0]
            (rising edge-triggered flip-flop clocked by UART_CLK)
  Path Group: UART_CLK
  Path Type: max

  Point                                                   Incr       Path
  --------------------------------------------------------------------------
  clock UART_CLK (rise edge)                              0.00       0.00
  clock network delay (ideal)                             0.00       0.00
  UART_RX_CLK_U0/counter_reg[0]/CK (DFFRQX2M)             0.00       0.00 r
  UART_RX_CLK_U0/counter_reg[0]/Q (DFFRQX2M)              0.51       0.51 f
  UART_RX_CLK_U0/U29/Y (INVX2M)                           0.08       0.59 r
  UART_RX_CLK_U0/U70/Y (CLKNAND2X2M)                      0.10       0.69 f
  UART_RX_CLK_U0/U71/Y (AOI22X1M)                         0.19       0.88 r
  UART_RX_CLK_U0/U72/Y (NOR3X1M)                          0.07       0.95 f
  UART_RX_CLK_U0/U78/Y (AND4X1M)                          0.28       1.24 f
  UART_RX_CLK_U0/U23/Y (AO22X1M)                          0.35       1.58 f
  UART_RX_CLK_U0/U22/Y (NAND3X2M)                         0.15       1.73 r
  UART_RX_CLK_U0/U5/Y (NAND3X2M)                          0.25       1.98 f
  UART_RX_CLK_U0/U25/Y (NOR2BX2M)                         0.14       2.12 r
  UART_RX_CLK_U0/counter_reg[0]/D (DFFRQX2M)              0.00       2.12 r
  data arrival time                                                  2.12

  clock UART_CLK (rise edge)                            271.29     271.29
  clock network delay (ideal)                             0.00     271.29
  clock uncertainty                                      -0.20     271.09
  UART_RX_CLK_U0/counter_reg[0]/CK (DFFRQX2M)             0.00     271.09 r
  library setup time                                     -0.30     270.79
  data required time                                               270.79
  --------------------------------------------------------------------------
  data required time                                               270.79
  data arrival time                                                 -2.12
  --------------------------------------------------------------------------
  slack (MET)                                                      268.67


1
